<?xml version="1.0" encoding="ISO-8859-1" ?>
<link_info>
   <banner>TI ARM Clang Linker PC v4.0.4.LTS</banner>
   <copyright>Copyright (c) 1996-2018 Texas Instruments Incorporated</copyright>
   <command_line>C:\ti\ccs2050\ccs\tools\compiler\ti-cgt-armllvm_4.0.4.LTS\bin\tiarmlnk -IC:\ti\ccs2050\ccs\tools\compiler\ti-cgt-armllvm_4.0.4.LTS\lib -o empty_LP_MSPM0G3507_nortos_ticlang.out -mempty_LP_MSPM0G3507_nortos_ticlang.map -iC:/ti/mspm0_sdk_2_10_00_04/source -iC:/Users/lei/workspace_ccstheia/empty_LP_MSPM0G3507_nortos_ticlang -iC:/Users/lei/workspace_ccstheia/empty_LP_MSPM0G3507_nortos_ticlang/Debug/syscfg -iC:/ti/ccs2050/ccs/tools/compiler/ti-cgt-armllvm_4.0.4.LTS/lib --diag_wrap=off --display_error_number --warn_sections --xml_link_info=empty_LP_MSPM0G3507_nortos_ticlang_linkInfo.xml --rom_model ./empty.o ./ti_msp_dl_config.o ./startup_mspm0g350x_ticlang.o ./Freertos/heap_4.o ./Freertos/list.o ./Freertos/port.o ./Freertos/portasm.o ./Freertos/queue.o ./Freertos/tasks.o ./Freertos/timers.o ./user/Delay.o ./user/Key.o ./user/OLED.o ./user/OLED_Data.o ./user/Sensor.o ./user/ZDT_X42S.o ./user/encoder.o ./user/hc05.o ./user/lsm6dsr.o ./user/mahony.o ./user/motor.o ./user/pid_ctrl.o ./user/rtos_tasks.o ./user/uart.o ./user/ultrasonic.o ./user/vofa.o -l./device_linker.cmd -ldevice.cmd.genlibs -llibc.a --start-group -llibc++.a -llibc++abi.a -llibc.a -llibsys.a -llibsysbm.a -llibclang_rt.builtins.a -llibclang_rt.profile.a --end-group --cg_opt_level=2</command_line>
   <link_time>0x6a674e1c</link_time>
   <link_errors>0x0</link_errors>
   <output_file>C:\Users\lei\workspace_ccstheia\empty_LP_MSPM0G3507_nortos_ticlang\Debug\empty_LP_MSPM0G3507_nortos_ticlang.out</output_file>
   <entry_point>
      <name>_c_int00_noargs</name>
      <address>0x9175</address>
   </entry_point>
   <input_file_list>
      <input_file id="fl-1">
         <path>C:\Users\lei\workspace_ccstheia\empty_LP_MSPM0G3507_nortos_ticlang\Debug\.\</path>
         <kind>object</kind>
         <file>empty.o</file>
         <name>empty.o</name>
      </input_file>
      <input_file id="fl-2">
         <path>C:\Users\lei\workspace_ccstheia\empty_LP_MSPM0G3507_nortos_ticlang\Debug\.\</path>
         <kind>object</kind>
         <file>ti_msp_dl_config.o</file>
         <name>ti_msp_dl_config.o</name>
      </input_file>
      <input_file id="fl-3">
         <path>C:\Users\lei\workspace_ccstheia\empty_LP_MSPM0G3507_nortos_ticlang\Debug\.\</path>
         <kind>object</kind>
         <file>startup_mspm0g350x_ticlang.o</file>
         <name>startup_mspm0g350x_ticlang.o</name>
      </input_file>
      <input_file id="fl-4">
         <path>C:\Users\lei\workspace_ccstheia\empty_LP_MSPM0G3507_nortos_ticlang\Debug\.\Freertos\</path>
         <kind>object</kind>
         <file>heap_4.o</file>
         <name>heap_4.o</name>
      </input_file>
      <input_file id="fl-5">
         <path>C:\Users\lei\workspace_ccstheia\empty_LP_MSPM0G3507_nortos_ticlang\Debug\.\Freertos\</path>
         <kind>object</kind>
         <file>list.o</file>
         <name>list.o</name>
      </input_file>
      <input_file id="fl-6">
         <path>C:\Users\lei\workspace_ccstheia\empty_LP_MSPM0G3507_nortos_ticlang\Debug\.\Freertos\</path>
         <kind>object</kind>
         <file>port.o</file>
         <name>port.o</name>
      </input_file>
      <input_file id="fl-7">
         <path>C:\Users\lei\workspace_ccstheia\empty_LP_MSPM0G3507_nortos_ticlang\Debug\.\Freertos\</path>
         <kind>object</kind>
         <file>portasm.o</file>
         <name>portasm.o</name>
      </input_file>
      <input_file id="fl-8">
         <path>C:\Users\lei\workspace_ccstheia\empty_LP_MSPM0G3507_nortos_ticlang\Debug\.\Freertos\</path>
         <kind>object</kind>
         <file>queue.o</file>
         <name>queue.o</name>
      </input_file>
      <input_file id="fl-9">
         <path>C:\Users\lei\workspace_ccstheia\empty_LP_MSPM0G3507_nortos_ticlang\Debug\.\Freertos\</path>
         <kind>object</kind>
         <file>tasks.o</file>
         <name>tasks.o</name>
      </input_file>
      <input_file id="fl-a">
         <path>C:\Users\lei\workspace_ccstheia\empty_LP_MSPM0G3507_nortos_ticlang\Debug\.\Freertos\</path>
         <kind>object</kind>
         <file>timers.o</file>
         <name>timers.o</name>
      </input_file>
      <input_file id="fl-b">
         <path>C:\Users\lei\workspace_ccstheia\empty_LP_MSPM0G3507_nortos_ticlang\Debug\.\user\</path>
         <kind>object</kind>
         <file>Delay.o</file>
         <name>Delay.o</name>
      </input_file>
      <input_file id="fl-c">
         <path>C:\Users\lei\workspace_ccstheia\empty_LP_MSPM0G3507_nortos_ticlang\Debug\.\user\</path>
         <kind>object</kind>
         <file>Key.o</file>
         <name>Key.o</name>
      </input_file>
      <input_file id="fl-d">
         <path>C:\Users\lei\workspace_ccstheia\empty_LP_MSPM0G3507_nortos_ticlang\Debug\.\user\</path>
         <kind>object</kind>
         <file>OLED.o</file>
         <name>OLED.o</name>
      </input_file>
      <input_file id="fl-e">
         <path>C:\Users\lei\workspace_ccstheia\empty_LP_MSPM0G3507_nortos_ticlang\Debug\.\user\</path>
         <kind>object</kind>
         <file>OLED_Data.o</file>
         <name>OLED_Data.o</name>
      </input_file>
      <input_file id="fl-f">
         <path>C:\Users\lei\workspace_ccstheia\empty_LP_MSPM0G3507_nortos_ticlang\Debug\.\user\</path>
         <kind>object</kind>
         <file>Sensor.o</file>
         <name>Sensor.o</name>
      </input_file>
      <input_file id="fl-10">
         <path>C:\Users\lei\workspace_ccstheia\empty_LP_MSPM0G3507_nortos_ticlang\Debug\.\user\</path>
         <kind>object</kind>
         <file>ZDT_X42S.o</file>
         <name>ZDT_X42S.o</name>
      </input_file>
      <input_file id="fl-11">
         <path>C:\Users\lei\workspace_ccstheia\empty_LP_MSPM0G3507_nortos_ticlang\Debug\.\user\</path>
         <kind>object</kind>
         <file>encoder.o</file>
         <name>encoder.o</name>
      </input_file>
      <input_file id="fl-12">
         <path>C:\Users\lei\workspace_ccstheia\empty_LP_MSPM0G3507_nortos_ticlang\Debug\.\user\</path>
         <kind>object</kind>
         <file>hc05.o</file>
         <name>hc05.o</name>
      </input_file>
      <input_file id="fl-13">
         <path>C:\Users\lei\workspace_ccstheia\empty_LP_MSPM0G3507_nortos_ticlang\Debug\.\user\</path>
         <kind>object</kind>
         <file>lsm6dsr.o</file>
         <name>lsm6dsr.o</name>
      </input_file>
      <input_file id="fl-14">
         <path>C:\Users\lei\workspace_ccstheia\empty_LP_MSPM0G3507_nortos_ticlang\Debug\.\user\</path>
         <kind>object</kind>
         <file>mahony.o</file>
         <name>mahony.o</name>
      </input_file>
      <input_file id="fl-15">
         <path>C:\Users\lei\workspace_ccstheia\empty_LP_MSPM0G3507_nortos_ticlang\Debug\.\user\</path>
         <kind>object</kind>
         <file>motor.o</file>
         <name>motor.o</name>
      </input_file>
      <input_file id="fl-16">
         <path>C:\Users\lei\workspace_ccstheia\empty_LP_MSPM0G3507_nortos_ticlang\Debug\.\user\</path>
         <kind>object</kind>
         <file>pid_ctrl.o</file>
         <name>pid_ctrl.o</name>
      </input_file>
      <input_file id="fl-17">
         <path>C:\Users\lei\workspace_ccstheia\empty_LP_MSPM0G3507_nortos_ticlang\Debug\.\user\</path>
         <kind>object</kind>
         <file>rtos_tasks.o</file>
         <name>rtos_tasks.o</name>
      </input_file>
      <input_file id="fl-18">
         <path>C:\Users\lei\workspace_ccstheia\empty_LP_MSPM0G3507_nortos_ticlang\Debug\.\user\</path>
         <kind>object</kind>
         <file>uart.o</file>
         <name>uart.o</name>
      </input_file>
      <input_file id="fl-19">
         <path>C:\Users\lei\workspace_ccstheia\empty_LP_MSPM0G3507_nortos_ticlang\Debug\.\user\</path>
         <kind>object</kind>
         <file>ultrasonic.o</file>
         <name>ultrasonic.o</name>
      </input_file>
      <input_file id="fl-1a">
         <path>C:\Users\lei\workspace_ccstheia\empty_LP_MSPM0G3507_nortos_ticlang\Debug\.\user\</path>
         <kind>object</kind>
         <file>vofa.o</file>
         <name>vofa.o</name>
      </input_file>
      <input_file id="fl-27">
         <path>C:\Users\lei\workspace_ccstheia\empty_LP_MSPM0G3507_nortos_ticlang\Debug\</path>
         <kind>object</kind>
         <file>&lt;internal&gt;</file>
         <name>&lt;internal&gt;</name>
      </input_file>
      <input_file id="fl-28">
         <path>C:\ti\mspm0_sdk_2_10_00_04\source\ti\driverlib\lib\ticlang\m0p\mspm0g1x0x_g3x0x\</path>
         <kind>archive</kind>
         <file>driverlib.a</file>
         <name>dl_common.o</name>
      </input_file>
      <input_file id="fl-29">
         <path>C:\ti\mspm0_sdk_2_10_00_04\source\ti\driverlib\lib\ticlang\m0p\mspm0g1x0x_g3x0x\</path>
         <kind>archive</kind>
         <file>driverlib.a</file>
         <name>dl_spi.o</name>
      </input_file>
      <input_file id="fl-2a">
         <path>C:\ti\mspm0_sdk_2_10_00_04\source\ti\driverlib\lib\ticlang\m0p\mspm0g1x0x_g3x0x\</path>
         <kind>archive</kind>
         <file>driverlib.a</file>
         <name>dl_timer.o</name>
      </input_file>
      <input_file id="fl-2b">
         <path>C:\ti\mspm0_sdk_2_10_00_04\source\ti\driverlib\lib\ticlang\m0p\mspm0g1x0x_g3x0x\</path>
         <kind>archive</kind>
         <file>driverlib.a</file>
         <name>dl_uart.o</name>
      </input_file>
      <input_file id="fl-2c">
         <path>C:\ti\mspm0_sdk_2_10_00_04\source\ti\driverlib\lib\ticlang\m0p\mspm0g1x0x_g3x0x\</path>
         <kind>archive</kind>
         <file>driverlib.a</file>
         <name>dl_sysctl_mspm0g1x0x_g3x0x.o</name>
      </input_file>
      <input_file id="fl-43">
         <path>C:\ti\ccs2050\ccs\tools\compiler\ti-cgt-armllvm_4.0.4.LTS\lib\armv6m-ti-none-eabi\c\</path>
         <kind>archive</kind>
         <file>libc.a</file>
         <name>e_asinf.c.obj</name>
      </input_file>
      <input_file id="fl-44">
         <path>C:\ti\ccs2050\ccs\tools\compiler\ti-cgt-armllvm_4.0.4.LTS\lib\armv6m-ti-none-eabi\c\</path>
         <kind>archive</kind>
         <file>libc.a</file>
         <name>e_atan2f.c.obj</name>
      </input_file>
      <input_file id="fl-45">
         <path>C:\ti\ccs2050\ccs\tools\compiler\ti-cgt-armllvm_4.0.4.LTS\lib\armv6m-ti-none-eabi\c\</path>
         <kind>archive</kind>
         <file>libc.a</file>
         <name>s_atanf.c.obj</name>
      </input_file>
      <input_file id="fl-46">
         <path>C:\ti\ccs2050\ccs\tools\compiler\ti-cgt-armllvm_4.0.4.LTS\lib\armv6m-ti-none-eabi\c\</path>
         <kind>archive</kind>
         <file>libc.a</file>
         <name>snprintf.c.obj</name>
      </input_file>
      <input_file id="fl-47">
         <path>C:\ti\ccs2050\ccs\tools\compiler\ti-cgt-armllvm_4.0.4.LTS\lib\armv6m-ti-none-eabi\c\</path>
         <kind>archive</kind>
         <file>libc.a</file>
         <name>vsprintf.c.obj</name>
      </input_file>
      <input_file id="fl-48">
         <path>C:\ti\ccs2050\ccs\tools\compiler\ti-cgt-armllvm_4.0.4.LTS\lib\armv6m-ti-none-eabi\c\</path>
         <kind>archive</kind>
         <file>libc.a</file>
         <name>sscanf.c.obj</name>
      </input_file>
      <input_file id="fl-49">
         <path>C:\ti\ccs2050\ccs\tools\compiler\ti-cgt-armllvm_4.0.4.LTS\lib\armv6m-ti-none-eabi\c\</path>
         <kind>archive</kind>
         <file>libc.a</file>
         <name>aeabi_ctype.S.obj</name>
      </input_file>
      <input_file id="fl-4a">
         <path>C:\ti\ccs2050\ccs\tools\compiler\ti-cgt-armllvm_4.0.4.LTS\lib\armv6m-ti-none-eabi\c\</path>
         <kind>archive</kind>
         <file>libc.a</file>
         <name>aeabi_portable.c.obj</name>
      </input_file>
      <input_file id="fl-4b">
         <path>C:\ti\ccs2050\ccs\tools\compiler\ti-cgt-armllvm_4.0.4.LTS\lib\armv6m-ti-none-eabi\c\</path>
         <kind>archive</kind>
         <file>libc.a</file>
         <name>assert.c.obj</name>
      </input_file>
      <input_file id="fl-4c">
         <path>C:\ti\ccs2050\ccs\tools\compiler\ti-cgt-armllvm_4.0.4.LTS\lib\armv6m-ti-none-eabi\c\</path>
         <kind>archive</kind>
         <file>libc.a</file>
         <name>defs.c.obj</name>
      </input_file>
      <input_file id="fl-4d">
         <path>C:\ti\ccs2050\ccs\tools\compiler\ti-cgt-armllvm_4.0.4.LTS\lib\armv6m-ti-none-eabi\c\</path>
         <kind>archive</kind>
         <file>libc.a</file>
         <name>memory.c.obj</name>
      </input_file>
      <input_file id="fl-4e">
         <path>C:\ti\ccs2050\ccs\tools\compiler\ti-cgt-armllvm_4.0.4.LTS\lib\armv6m-ti-none-eabi\c\</path>
         <kind>archive</kind>
         <file>libc.a</file>
         <name>boot_cortex_m.c.obj</name>
      </input_file>
      <input_file id="fl-4f">
         <path>C:\ti\ccs2050\ccs\tools\compiler\ti-cgt-armllvm_4.0.4.LTS\lib\armv6m-ti-none-eabi\c\</path>
         <kind>archive</kind>
         <file>libc.a</file>
         <name>mathacl_init.c.obj</name>
      </input_file>
      <input_file id="fl-50">
         <path>C:\ti\ccs2050\ccs\tools\compiler\ti-cgt-armllvm_4.0.4.LTS\lib\armv6m-ti-none-eabi\c\</path>
         <kind>archive</kind>
         <file>libc.a</file>
         <name>autoinit.c.obj</name>
      </input_file>
      <input_file id="fl-51">
         <path>C:\ti\ccs2050\ccs\tools\compiler\ti-cgt-armllvm_4.0.4.LTS\lib\armv6m-ti-none-eabi\c\</path>
         <kind>archive</kind>
         <file>libc.a</file>
         <name>pre_init.c.obj</name>
      </input_file>
      <input_file id="fl-52">
         <path>C:\ti\ccs2050\ccs\tools\compiler\ti-cgt-armllvm_4.0.4.LTS\lib\armv6m-ti-none-eabi\c\</path>
         <kind>archive</kind>
         <file>libc.a</file>
         <name>cpy_tbl.c.obj</name>
      </input_file>
      <input_file id="fl-53">
         <path>C:\ti\ccs2050\ccs\tools\compiler\ti-cgt-armllvm_4.0.4.LTS\lib\armv6m-ti-none-eabi\c\</path>
         <kind>archive</kind>
         <file>libc.a</file>
         <name>copy_zero_init.c.obj</name>
      </input_file>
      <input_file id="fl-54">
         <path>C:\ti\ccs2050\ccs\tools\compiler\ti-cgt-armllvm_4.0.4.LTS\lib\armv6m-ti-none-eabi\c\</path>
         <kind>archive</kind>
         <file>libc.a</file>
         <name>copy_decompress_none.c.obj</name>
      </input_file>
      <input_file id="fl-55">
         <path>C:\ti\ccs2050\ccs\tools\compiler\ti-cgt-armllvm_4.0.4.LTS\lib\armv6m-ti-none-eabi\c\</path>
         <kind>archive</kind>
         <file>libc.a</file>
         <name>copy_decompress_lzss.c.obj</name>
      </input_file>
      <input_file id="fl-56">
         <path>C:\ti\ccs2050\ccs\tools\compiler\ti-cgt-armllvm_4.0.4.LTS\lib\armv6m-ti-none-eabi\c\</path>
         <kind>archive</kind>
         <file>libc.a</file>
         <name>e_sqrt.c.obj</name>
      </input_file>
      <input_file id="fl-57">
         <path>C:\ti\ccs2050\ccs\tools\compiler\ti-cgt-armllvm_4.0.4.LTS\lib\armv6m-ti-none-eabi\c\</path>
         <kind>archive</kind>
         <file>libc.a</file>
         <name>_printfi.c.obj</name>
      </input_file>
      <input_file id="fl-58">
         <path>C:\ti\ccs2050\ccs\tools\compiler\ti-cgt-armllvm_4.0.4.LTS\lib\armv6m-ti-none-eabi\c\</path>
         <kind>archive</kind>
         <file>libc.a</file>
         <name>sprintf.c.obj</name>
      </input_file>
      <input_file id="fl-59">
         <path>C:\ti\ccs2050\ccs\tools\compiler\ti-cgt-armllvm_4.0.4.LTS\lib\armv6m-ti-none-eabi\c\</path>
         <kind>archive</kind>
         <file>libc.a</file>
         <name>_scanfi.c.obj</name>
      </input_file>
      <input_file id="fl-5a">
         <path>C:\ti\ccs2050\ccs\tools\compiler\ti-cgt-armllvm_4.0.4.LTS\lib\armv6m-ti-none-eabi\c\</path>
         <kind>archive</kind>
         <file>libc.a</file>
         <name>fflush.c.obj</name>
      </input_file>
      <input_file id="fl-5b">
         <path>C:\ti\ccs2050\ccs\tools\compiler\ti-cgt-armllvm_4.0.4.LTS\lib\armv6m-ti-none-eabi\c\</path>
         <kind>archive</kind>
         <file>libc.a</file>
         <name>fputs.c.obj</name>
      </input_file>
      <input_file id="fl-5c">
         <path>C:\ti\ccs2050\ccs\tools\compiler\ti-cgt-armllvm_4.0.4.LTS\lib\armv6m-ti-none-eabi\c\</path>
         <kind>archive</kind>
         <file>libc.a</file>
         <name>_io_perm.c.obj</name>
      </input_file>
      <input_file id="fl-5d">
         <path>C:\ti\ccs2050\ccs\tools\compiler\ti-cgt-armllvm_4.0.4.LTS\lib\armv6m-ti-none-eabi\c\</path>
         <kind>archive</kind>
         <file>libc.a</file>
         <name>setvbuf.c.obj</name>
      </input_file>
      <input_file id="fl-5e">
         <path>C:\ti\ccs2050\ccs\tools\compiler\ti-cgt-armllvm_4.0.4.LTS\lib\armv6m-ti-none-eabi\c\</path>
         <kind>archive</kind>
         <file>libc.a</file>
         <name>exit.c.obj</name>
      </input_file>
      <input_file id="fl-5f">
         <path>C:\ti\ccs2050\ccs\tools\compiler\ti-cgt-armllvm_4.0.4.LTS\lib\armv6m-ti-none-eabi\c\</path>
         <kind>archive</kind>
         <file>libc.a</file>
         <name>_lock.c.obj</name>
      </input_file>
      <input_file id="fl-60">
         <path>C:\ti\ccs2050\ccs\tools\compiler\ti-cgt-armllvm_4.0.4.LTS\lib\armv6m-ti-none-eabi\c\</path>
         <kind>archive</kind>
         <file>libc.a</file>
         <name>_ltoa.c.obj</name>
      </input_file>
      <input_file id="fl-61">
         <path>C:\ti\ccs2050\ccs\tools\compiler\ti-cgt-armllvm_4.0.4.LTS\lib\armv6m-ti-none-eabi\c\</path>
         <kind>archive</kind>
         <file>libc.a</file>
         <name>args_main.c.obj</name>
      </input_file>
      <input_file id="fl-62">
         <path>C:\ti\ccs2050\ccs\tools\compiler\ti-cgt-armllvm_4.0.4.LTS\lib\armv6m-ti-none-eabi\c\</path>
         <kind>archive</kind>
         <file>libc.a</file>
         <name>atoi.c.obj</name>
      </input_file>
      <input_file id="fl-63">
         <path>C:\ti\ccs2050\ccs\tools\compiler\ti-cgt-armllvm_4.0.4.LTS\lib\armv6m-ti-none-eabi\c\</path>
         <kind>archive</kind>
         <file>libc.a</file>
         <name>memccpy.c.obj</name>
      </input_file>
      <input_file id="fl-64">
         <path>C:\ti\ccs2050\ccs\tools\compiler\ti-cgt-armllvm_4.0.4.LTS\lib\armv6m-ti-none-eabi\c\</path>
         <kind>archive</kind>
         <file>libc.a</file>
         <name>strtod.c.obj</name>
      </input_file>
      <input_file id="fl-65">
         <path>C:\ti\ccs2050\ccs\tools\compiler\ti-cgt-armllvm_4.0.4.LTS\lib\armv6m-ti-none-eabi\c\</path>
         <kind>archive</kind>
         <file>libc.a</file>
         <name>strtol.c.obj</name>
      </input_file>
      <input_file id="fl-66">
         <path>C:\ti\ccs2050\ccs\tools\compiler\ti-cgt-armllvm_4.0.4.LTS\lib\armv6m-ti-none-eabi\c\</path>
         <kind>archive</kind>
         <file>libc.a</file>
         <name>strtoll.c.obj</name>
      </input_file>
      <input_file id="fl-67">
         <path>C:\ti\ccs2050\ccs\tools\compiler\ti-cgt-armllvm_4.0.4.LTS\lib\armv6m-ti-none-eabi\c\</path>
         <kind>archive</kind>
         <file>libc.a</file>
         <name>strtoul.c.obj</name>
      </input_file>
      <input_file id="fl-68">
         <path>C:\ti\ccs2050\ccs\tools\compiler\ti-cgt-armllvm_4.0.4.LTS\lib\armv6m-ti-none-eabi\c\</path>
         <kind>archive</kind>
         <file>libc.a</file>
         <name>strtoull.c.obj</name>
      </input_file>
      <input_file id="fl-69">
         <path>C:\ti\ccs2050\ccs\tools\compiler\ti-cgt-armllvm_4.0.4.LTS\lib\armv6m-ti-none-eabi\c\</path>
         <kind>archive</kind>
         <file>libc.a</file>
         <name>s_frexp.c.obj</name>
      </input_file>
      <input_file id="fl-6a">
         <path>C:\ti\ccs2050\ccs\tools\compiler\ti-cgt-armllvm_4.0.4.LTS\lib\armv6m-ti-none-eabi\c\</path>
         <kind>archive</kind>
         <file>libc.a</file>
         <name>s_scalbn.c.obj</name>
      </input_file>
      <input_file id="fl-6b">
         <path>C:\ti\ccs2050\ccs\tools\compiler\ti-cgt-armllvm_4.0.4.LTS\lib\armv6m-ti-none-eabi\c\</path>
         <kind>archive</kind>
         <file>libc.a</file>
         <name>wcslen.c.obj</name>
      </input_file>
      <input_file id="fl-6c">
         <path>C:\ti\ccs2050\ccs\tools\compiler\ti-cgt-armllvm_4.0.4.LTS\lib\armv6m-ti-none-eabi\c\</path>
         <kind>archive</kind>
         <file>libc.a</file>
         <name>fopen.c.obj</name>
      </input_file>
      <input_file id="fl-6d">
         <path>C:\ti\ccs2050\ccs\tools\compiler\ti-cgt-armllvm_4.0.4.LTS\lib\armv6m-ti-none-eabi\c\</path>
         <kind>archive</kind>
         <file>libc.a</file>
         <name>fseek.c.obj</name>
      </input_file>
      <input_file id="fl-6e">
         <path>C:\ti\ccs2050\ccs\tools\compiler\ti-cgt-armllvm_4.0.4.LTS\lib\armv6m-ti-none-eabi\c\</path>
         <kind>archive</kind>
         <file>libc.a</file>
         <name>fclose.c.obj</name>
      </input_file>
      <input_file id="fl-10e">
         <path>C:\ti\ccs2050\ccs\tools\compiler\ti-cgt-armllvm_4.0.4.LTS\lib\armv6m-ti-none-eabi\c\</path>
         <kind>archive</kind>
         <file>libsysbm.a</file>
         <name>hostexit.c.obj</name>
      </input_file>
      <input_file id="fl-10f">
         <path>C:\ti\ccs2050\ccs\tools\compiler\ti-cgt-armllvm_4.0.4.LTS\lib\armv6m-ti-none-eabi\c\</path>
         <kind>archive</kind>
         <file>libsysbm.a</file>
         <name>write.c.obj</name>
      </input_file>
      <input_file id="fl-110">
         <path>C:\ti\ccs2050\ccs\tools\compiler\ti-cgt-armllvm_4.0.4.LTS\lib\armv6m-ti-none-eabi\c\</path>
         <kind>archive</kind>
         <file>libsysbm.a</file>
         <name>host_device.c.obj</name>
      </input_file>
      <input_file id="fl-111">
         <path>C:\ti\ccs2050\ccs\tools\compiler\ti-cgt-armllvm_4.0.4.LTS\lib\armv6m-ti-none-eabi\c\</path>
         <kind>archive</kind>
         <file>libsysbm.a</file>
         <name>remove.c.obj</name>
      </input_file>
      <input_file id="fl-112">
         <path>C:\ti\ccs2050\ccs\tools\compiler\ti-cgt-armllvm_4.0.4.LTS\lib\armv6m-ti-none-eabi\c\</path>
         <kind>archive</kind>
         <file>libsysbm.a</file>
         <name>open.c.obj</name>
      </input_file>
      <input_file id="fl-113">
         <path>C:\ti\ccs2050\ccs\tools\compiler\ti-cgt-armllvm_4.0.4.LTS\lib\armv6m-ti-none-eabi\c\</path>
         <kind>archive</kind>
         <file>libsysbm.a</file>
         <name>lseek.c.obj</name>
      </input_file>
      <input_file id="fl-114">
         <path>C:\ti\ccs2050\ccs\tools\compiler\ti-cgt-armllvm_4.0.4.LTS\lib\armv6m-ti-none-eabi\c\</path>
         <kind>archive</kind>
         <file>libsysbm.a</file>
         <name>close.c.obj</name>
      </input_file>
      <input_file id="fl-115">
         <path>C:\ti\ccs2050\ccs\tools\compiler\ti-cgt-armllvm_4.0.4.LTS\lib\armv6m-ti-none-eabi\c\</path>
         <kind>archive</kind>
         <file>libsysbm.a</file>
         <name>unlink.c.obj</name>
      </input_file>
      <input_file id="fl-116">
         <path>C:\ti\ccs2050\ccs\tools\compiler\ti-cgt-armllvm_4.0.4.LTS\lib\armv6m-ti-none-eabi\c\</path>
         <kind>archive</kind>
         <file>libsysbm.a</file>
         <name>hostclose.c.obj</name>
      </input_file>
      <input_file id="fl-117">
         <path>C:\ti\ccs2050\ccs\tools\compiler\ti-cgt-armllvm_4.0.4.LTS\lib\armv6m-ti-none-eabi\c\</path>
         <kind>archive</kind>
         <file>libsysbm.a</file>
         <name>hostlseek.c.obj</name>
      </input_file>
      <input_file id="fl-118">
         <path>C:\ti\ccs2050\ccs\tools\compiler\ti-cgt-armllvm_4.0.4.LTS\lib\armv6m-ti-none-eabi\c\</path>
         <kind>archive</kind>
         <file>libsysbm.a</file>
         <name>hostopen.c.obj</name>
      </input_file>
      <input_file id="fl-119">
         <path>C:\ti\ccs2050\ccs\tools\compiler\ti-cgt-armllvm_4.0.4.LTS\lib\armv6m-ti-none-eabi\c\</path>
         <kind>archive</kind>
         <file>libsysbm.a</file>
         <name>hostread.c.obj</name>
      </input_file>
      <input_file id="fl-11a">
         <path>C:\ti\ccs2050\ccs\tools\compiler\ti-cgt-armllvm_4.0.4.LTS\lib\armv6m-ti-none-eabi\c\</path>
         <kind>archive</kind>
         <file>libsysbm.a</file>
         <name>hostrename.c.obj</name>
      </input_file>
      <input_file id="fl-11b">
         <path>C:\ti\ccs2050\ccs\tools\compiler\ti-cgt-armllvm_4.0.4.LTS\lib\armv6m-ti-none-eabi\c\</path>
         <kind>archive</kind>
         <file>libsysbm.a</file>
         <name>hostunlink.c.obj</name>
      </input_file>
      <input_file id="fl-11c">
         <path>C:\ti\ccs2050\ccs\tools\compiler\ti-cgt-armllvm_4.0.4.LTS\lib\armv6m-ti-none-eabi\c\</path>
         <kind>archive</kind>
         <file>libsysbm.a</file>
         <name>hostwrite.c.obj</name>
      </input_file>
      <input_file id="fl-11d">
         <path>C:\ti\ccs2050\ccs\tools\compiler\ti-cgt-armllvm_4.0.4.LTS\lib\armv6m-ti-none-eabi\c\</path>
         <kind>archive</kind>
         <file>libsysbm.a</file>
         <name>trgmsg.c.obj</name>
      </input_file>
      <input_file id="fl-11e">
         <path>C:\ti\ccs2050\ccs\tools\compiler\ti-cgt-armllvm_4.0.4.LTS\lib\armv6m-ti-none-eabi\</path>
         <kind>archive</kind>
         <file>libclang_rt.builtins.a</file>
         <name>addsf3.S.obj</name>
      </input_file>
      <input_file id="fl-11f">
         <path>C:\ti\ccs2050\ccs\tools\compiler\ti-cgt-armllvm_4.0.4.LTS\lib\armv6m-ti-none-eabi\</path>
         <kind>archive</kind>
         <file>libclang_rt.builtins.a</file>
         <name>adddf3.S.obj</name>
      </input_file>
      <input_file id="fl-120">
         <path>C:\ti\ccs2050\ccs\tools\compiler\ti-cgt-armllvm_4.0.4.LTS\lib\armv6m-ti-none-eabi\</path>
         <kind>archive</kind>
         <file>libclang_rt.builtins.a</file>
         <name>muldf3.S.obj</name>
      </input_file>
      <input_file id="fl-121">
         <path>C:\ti\ccs2050\ccs\tools\compiler\ti-cgt-armllvm_4.0.4.LTS\lib\armv6m-ti-none-eabi\</path>
         <kind>archive</kind>
         <file>libclang_rt.builtins.a</file>
         <name>muldsi3.S.obj</name>
      </input_file>
      <input_file id="fl-122">
         <path>C:\ti\ccs2050\ccs\tools\compiler\ti-cgt-armllvm_4.0.4.LTS\lib\armv6m-ti-none-eabi\</path>
         <kind>archive</kind>
         <file>libclang_rt.builtins.a</file>
         <name>mulsf3.S.obj</name>
      </input_file>
      <input_file id="fl-123">
         <path>C:\ti\ccs2050\ccs\tools\compiler\ti-cgt-armllvm_4.0.4.LTS\lib\armv6m-ti-none-eabi\</path>
         <kind>archive</kind>
         <file>libclang_rt.builtins.a</file>
         <name>divsf3.S.obj</name>
      </input_file>
      <input_file id="fl-124">
         <path>C:\ti\ccs2050\ccs\tools\compiler\ti-cgt-armllvm_4.0.4.LTS\lib\armv6m-ti-none-eabi\</path>
         <kind>archive</kind>
         <file>libclang_rt.builtins.a</file>
         <name>divdf3.S.obj</name>
      </input_file>
      <input_file id="fl-125">
         <path>C:\ti\ccs2050\ccs\tools\compiler\ti-cgt-armllvm_4.0.4.LTS\lib\armv6m-ti-none-eabi\</path>
         <kind>archive</kind>
         <file>libclang_rt.builtins.a</file>
         <name>extendsfdf2.S.obj</name>
      </input_file>
      <input_file id="fl-126">
         <path>C:\ti\ccs2050\ccs\tools\compiler\ti-cgt-armllvm_4.0.4.LTS\lib\armv6m-ti-none-eabi\</path>
         <kind>archive</kind>
         <file>libclang_rt.builtins.a</file>
         <name>fixdfsi.S.obj</name>
      </input_file>
      <input_file id="fl-127">
         <path>C:\ti\ccs2050\ccs\tools\compiler\ti-cgt-armllvm_4.0.4.LTS\lib\armv6m-ti-none-eabi\</path>
         <kind>archive</kind>
         <file>libclang_rt.builtins.a</file>
         <name>fixsfsi.S.obj</name>
      </input_file>
      <input_file id="fl-128">
         <path>C:\ti\ccs2050\ccs\tools\compiler\ti-cgt-armllvm_4.0.4.LTS\lib\armv6m-ti-none-eabi\</path>
         <kind>archive</kind>
         <file>libclang_rt.builtins.a</file>
         <name>floatsidf.S.obj</name>
      </input_file>
      <input_file id="fl-129">
         <path>C:\ti\ccs2050\ccs\tools\compiler\ti-cgt-armllvm_4.0.4.LTS\lib\armv6m-ti-none-eabi\</path>
         <kind>archive</kind>
         <file>libclang_rt.builtins.a</file>
         <name>floatsisf.S.obj</name>
      </input_file>
      <input_file id="fl-12a">
         <path>C:\ti\ccs2050\ccs\tools\compiler\ti-cgt-armllvm_4.0.4.LTS\lib\armv6m-ti-none-eabi\</path>
         <kind>archive</kind>
         <file>libclang_rt.builtins.a</file>
         <name>floatunsisf.S.obj</name>
      </input_file>
      <input_file id="fl-12b">
         <path>C:\ti\ccs2050\ccs\tools\compiler\ti-cgt-armllvm_4.0.4.LTS\lib\armv6m-ti-none-eabi\</path>
         <kind>archive</kind>
         <file>libclang_rt.builtins.a</file>
         <name>muldi3.S.obj</name>
      </input_file>
      <input_file id="fl-12c">
         <path>C:\ti\ccs2050\ccs\tools\compiler\ti-cgt-armllvm_4.0.4.LTS\lib\armv6m-ti-none-eabi\</path>
         <kind>archive</kind>
         <file>libclang_rt.builtins.a</file>
         <name>truncdfsf2.S.obj</name>
      </input_file>
      <input_file id="fl-12d">
         <path>C:\ti\ccs2050\ccs\tools\compiler\ti-cgt-armllvm_4.0.4.LTS\lib\armv6m-ti-none-eabi\</path>
         <kind>archive</kind>
         <file>libclang_rt.builtins.a</file>
         <name>aeabi_dcmp.S.obj</name>
      </input_file>
      <input_file id="fl-12e">
         <path>C:\ti\ccs2050\ccs\tools\compiler\ti-cgt-armllvm_4.0.4.LTS\lib\armv6m-ti-none-eabi\</path>
         <kind>archive</kind>
         <file>libclang_rt.builtins.a</file>
         <name>aeabi_fcmp.S.obj</name>
      </input_file>
      <input_file id="fl-12f">
         <path>C:\ti\ccs2050\ccs\tools\compiler\ti-cgt-armllvm_4.0.4.LTS\lib\armv6m-ti-none-eabi\</path>
         <kind>archive</kind>
         <file>libclang_rt.builtins.a</file>
         <name>aeabi_idivmod.S.obj</name>
      </input_file>
      <input_file id="fl-130">
         <path>C:\ti\ccs2050\ccs\tools\compiler\ti-cgt-armllvm_4.0.4.LTS\lib\armv6m-ti-none-eabi\</path>
         <kind>archive</kind>
         <file>libclang_rt.builtins.a</file>
         <name>aeabi_memcpy.S.obj</name>
      </input_file>
      <input_file id="fl-131">
         <path>C:\ti\ccs2050\ccs\tools\compiler\ti-cgt-armllvm_4.0.4.LTS\lib\armv6m-ti-none-eabi\</path>
         <kind>archive</kind>
         <file>libclang_rt.builtins.a</file>
         <name>aeabi_memset.S.obj</name>
      </input_file>
      <input_file id="fl-132">
         <path>C:\ti\ccs2050\ccs\tools\compiler\ti-cgt-armllvm_4.0.4.LTS\lib\armv6m-ti-none-eabi\</path>
         <kind>archive</kind>
         <file>libclang_rt.builtins.a</file>
         <name>aeabi_uidivmod.S.obj</name>
      </input_file>
      <input_file id="fl-133">
         <path>C:\ti\ccs2050\ccs\tools\compiler\ti-cgt-armllvm_4.0.4.LTS\lib\armv6m-ti-none-eabi\</path>
         <kind>archive</kind>
         <file>libclang_rt.builtins.a</file>
         <name>aeabi_uldivmod.S.obj</name>
      </input_file>
      <input_file id="fl-134">
         <path>C:\ti\ccs2050\ccs\tools\compiler\ti-cgt-armllvm_4.0.4.LTS\lib\armv6m-ti-none-eabi\</path>
         <kind>archive</kind>
         <file>libclang_rt.builtins.a</file>
         <name>comparesf2.S.obj</name>
      </input_file>
      <input_file id="fl-135">
         <path>C:\ti\ccs2050\ccs\tools\compiler\ti-cgt-armllvm_4.0.4.LTS\lib\armv6m-ti-none-eabi\</path>
         <kind>archive</kind>
         <file>libclang_rt.builtins.a</file>
         <name>udivmoddi4.S.obj</name>
      </input_file>
      <input_file id="fl-136">
         <path>C:\ti\ccs2050\ccs\tools\compiler\ti-cgt-armllvm_4.0.4.LTS\lib\armv6m-ti-none-eabi\</path>
         <kind>archive</kind>
         <file>libclang_rt.builtins.a</file>
         <name>ashldi3.S.obj</name>
      </input_file>
      <input_file id="fl-137">
         <path>C:\ti\ccs2050\ccs\tools\compiler\ti-cgt-armllvm_4.0.4.LTS\lib\armv6m-ti-none-eabi\</path>
         <kind>archive</kind>
         <file>libclang_rt.builtins.a</file>
         <name>comparedf2.c.obj</name>
      </input_file>
      <input_file id="fl-138">
         <path>C:\ti\ccs2050\ccs\tools\compiler\ti-cgt-armllvm_4.0.4.LTS\lib\armv6m-ti-none-eabi\</path>
         <kind>archive</kind>
         <file>libclang_rt.builtins.a</file>
         <name>aeabi_div0.c.obj</name>
      </input_file>
      <input_file id="fl-139">
         <path>C:\ti\ccs2050\ccs\tools\compiler\ti-cgt-armllvm_4.0.4.LTS\lib\armv6m-ti-none-eabi\c\</path>
         <kind>archive</kind>
         <file>libc.a</file>
         <name>getdevice.c.obj</name>
      </input_file>
      <input_file id="fl-13a">
         <path>C:\ti\ccs2050\ccs\tools\compiler\ti-cgt-armllvm_4.0.4.LTS\lib\armv6m-ti-none-eabi\c\</path>
         <kind>archive</kind>
         <file>libc.a</file>
         <name>memcpy16.S.obj</name>
      </input_file>
      <input_file id="fl-13b">
         <path>C:\ti\ccs2050\ccs\tools\compiler\ti-cgt-armllvm_4.0.4.LTS\lib\armv6m-ti-none-eabi\c\</path>
         <kind>archive</kind>
         <file>libc.a</file>
         <name>memset16.S.obj</name>
      </input_file>
      <input_file id="fl-13c">
         <path>C:\ti\ccs2050\ccs\tools\compiler\ti-cgt-armllvm_4.0.4.LTS\lib\armv6m-ti-none-eabi\c\</path>
         <kind>archive</kind>
         <file>libc.a</file>
         <name>strcmp-armv6m.S.obj</name>
      </input_file>
   </input_file_list>
   <object_component_list>
      <object_component id="oc-18">
         <name>.intvecs</name>
         <load_address>0x0</load_address>
         <readonly>true</readonly>
         <run_address>0x0</run_address>
         <size>0xc0</size>
         <alignment>0x4</alignment>
         <input_file_ref idref="fl-3"/>
      </object_component>
      <object_component id="oc-373">
         <name>.text:__TI_printfi</name>
         <load_address>0xc0</load_address>
         <readonly>true</readonly>
         <executable>true</executable>
         <run_address>0xc0</run_address>
         <size>0x9d0</size>
         <alignment>0x4</alignment>
         <input_file_ref idref="fl-57"/>
      </object_component>
      <object_component id="oc-157">
         <name>.text.imu_task</name>
         <load_address>0xa90</load_address>
         <readonly>true</readonly>
         <executable>true</executable>
         <run_address>0xa90</run_address>
         <size>0x56c</size>
         <alignment>0x4</alignment>
         <input_file_ref idref="fl-17"/>
      </object_component>
      <object_component id="oc-159">
         <name>.text.control_test_task</name>
         <load_address>0xffc</load_address>
         <readonly>true</readonly>
         <executable>true</executable>
         <run_address>0xffc</run_address>
         <size>0x560</size>
         <alignment>0x4</alignment>
         <input_file_ref idref="fl-17"/>
      </object_component>
      <object_component id="oc-1fe">
         <name>.text.Mahony_UpdateIMU</name>
         <load_address>0x155c</load_address>
         <readonly>true</readonly>
         <executable>true</executable>
         <run_address>0x155c</run_address>
         <size>0x3f8</size>
         <alignment>0x4</alignment>
         <input_file_ref idref="fl-14"/>
      </object_component>
      <object_component id="oc-273">
         <name>.text.VOFA_SendData</name>
         <load_address>0x1954</load_address>
         <readonly>true</readonly>
         <executable>true</executable>
         <run_address>0x1954</run_address>
         <size>0x3d0</size>
         <alignment>0x4</alignment>
         <input_file_ref idref="fl-1a"/>
      </object_component>
      <object_component id="oc-2f6">
         <name>.text.OLED_WriteData</name>
         <load_address>0x1d24</load_address>
         <readonly>true</readonly>
         <executable>true</executable>
         <run_address>0x1d24</run_address>
         <size>0x38c</size>
         <alignment>0x4</alignment>
         <input_file_ref idref="fl-d"/>
      </object_component>
      <object_component id="oc-238">
         <name>.text.uxTaskGetSystemState</name>
         <load_address>0x20b0</load_address>
         <readonly>true</readonly>
         <executable>true</executable>
         <run_address>0x20b0</run_address>
         <size>0x320</size>
         <alignment>0x4</alignment>
         <input_file_ref idref="fl-9"/>
      </object_component>
      <object_component id="oc-2f5">
         <name>.text.OLED_WriteCommand</name>
         <load_address>0x23d0</load_address>
         <readonly>true</readonly>
         <executable>true</executable>
         <run_address>0x23d0</run_address>
         <size>0x314</size>
         <alignment>0x4</alignment>
         <input_file_ref idref="fl-d"/>
      </object_component>
      <object_component id="oc-19e">
         <name>.text.SYSCFG_DL_SYSCTL_SYSPLL_init</name>
         <load_address>0x26e4</load_address>
         <readonly>true</readonly>
         <executable>true</executable>
         <run_address>0x26e4</run_address>
         <size>0x2a8</size>
         <alignment>0x4</alignment>
         <input_file_ref idref="fl-2"/>
      </object_component>
      <object_component id="oc-300">
         <name>.text.OLED_ShowImage</name>
         <load_address>0x298c</load_address>
         <readonly>true</readonly>
         <executable>true</executable>
         <run_address>0x298c</run_address>
         <size>0x264</size>
         <alignment>0x4</alignment>
         <input_file_ref idref="fl-d"/>
      </object_component>
      <object_component id="oc-155">
         <name>.text.xTaskCreate</name>
         <load_address>0x2bf0</load_address>
         <readonly>true</readonly>
         <executable>true</executable>
         <run_address>0x2bf0</run_address>
         <size>0x240</size>
         <alignment>0x4</alignment>
         <input_file_ref idref="fl-9"/>
      </object_component>
      <object_component id="oc-10e">
         <name>.text.RTOS_Tasks_Init</name>
         <load_address>0x2e30</load_address>
         <readonly>true</readonly>
         <executable>true</executable>
         <run_address>0x2e30</run_address>
         <size>0x230</size>
         <alignment>0x4</alignment>
         <input_file_ref idref="fl-17"/>
      </object_component>
      <object_component id="oc-389">
         <name>.text._pconv_a</name>
         <load_address>0x3060</load_address>
         <readonly>true</readonly>
         <executable>true</executable>
         <run_address>0x3060</run_address>
         <size>0x220</size>
         <alignment>0x4</alignment>
         <input_file_ref idref="fl-57"/>
      </object_component>
      <object_component id="oc-1d1">
         <name>.text.xQueueGenericSend</name>
         <load_address>0x3280</load_address>
         <readonly>true</readonly>
         <executable>true</executable>
         <run_address>0x3280</run_address>
         <size>0x214</size>
         <alignment>0x2</alignment>
         <input_file_ref idref="fl-8"/>
      </object_component>
      <object_component id="oc-27d">
         <name>.text.prvTimerTask</name>
         <load_address>0x3494</load_address>
         <readonly>true</readonly>
         <executable>true</executable>
         <run_address>0x3494</run_address>
         <size>0x200</size>
         <alignment>0x4</alignment>
         <input_file_ref idref="fl-a"/>
      </object_component>
      <object_component id="oc-1dc">
         <name>.text.LSM6DSR_Init</name>
         <load_address>0x3694</load_address>
         <readonly>true</readonly>
         <executable>true</executable>
         <run_address>0x3694</run_address>
         <size>0x1e8</size>
         <alignment>0x4</alignment>
         <input_file_ref idref="fl-13"/>
      </object_component>
      <object_component id="oc-38a">
         <name>.text._pconv_g</name>
         <load_address>0x387c</load_address>
         <readonly>true</readonly>
         <executable>true</executable>
         <run_address>0x387c</run_address>
         <size>0x1dc</size>
         <alignment>0x4</alignment>
         <input_file_ref idref="fl-57"/>
      </object_component>
      <object_component id="oc-21e">
         <name>.text.xQueueSemaphoreTake</name>
         <load_address>0x3a58</load_address>
         <readonly>true</readonly>
         <executable>true</executable>
         <run_address>0x3a58</run_address>
         <size>0x1d8</size>
         <alignment>0x2</alignment>
         <input_file_ref idref="fl-8"/>
      </object_component>
      <object_component id="oc-320">
         <name>.text.atanf</name>
         <load_address>0x3c30</load_address>
         <readonly>true</readonly>
         <executable>true</executable>
         <run_address>0x3c30</run_address>
         <size>0x1c8</size>
         <alignment>0x4</alignment>
         <input_file_ref idref="fl-45"/>
      </object_component>
      <object_component id="oc-250">
         <name>.text.OLED_Init</name>
         <load_address>0x3df8</load_address>
         <readonly>true</readonly>
         <executable>true</executable>
         <run_address>0x3df8</run_address>
         <size>0x1bc</size>
         <alignment>0x4</alignment>
         <input_file_ref idref="fl-d"/>
      </object_component>
      <object_component id="oc-1c8">
         <name>.text.pvPortMalloc</name>
         <load_address>0x3fb4</load_address>
         <readonly>true</readonly>
         <executable>true</executable>
         <run_address>0x3fb4</run_address>
         <size>0x1b8</size>
         <alignment>0x4</alignment>
         <input_file_ref idref="fl-4"/>
      </object_component>
      <object_component id="oc-200">
         <name>.text.LSM6DSR_Read_Scaled</name>
         <load_address>0x416c</load_address>
         <readonly>true</readonly>
         <executable>true</executable>
         <run_address>0x416c</run_address>
         <size>0x1b0</size>
         <alignment>0x4</alignment>
         <input_file_ref idref="fl-13"/>
      </object_component>
      <object_component id="oc-29b">
         <name>.text.xTaskResumeAll</name>
         <load_address>0x431c</load_address>
         <readonly>true</readonly>
         <executable>true</executable>
         <run_address>0x431c</run_address>
         <size>0x1ac</size>
         <alignment>0x4</alignment>
         <input_file_ref idref="fl-9"/>
      </object_component>
      <object_component id="oc-33b">
         <name>.text.adddf3_subdf3</name>
         <load_address>0x44c8</load_address>
         <readonly>true</readonly>
         <executable>true</executable>
         <run_address>0x44c8</run_address>
         <size>0x192</size>
         <alignment>0x4</alignment>
         <input_file_ref idref="fl-11f"/>
      </object_component>
      <object_component id="oc-178">
         <name>.text.App_StartStatsTimer</name>
         <load_address>0x465a</load_address>
         <readonly>true</readonly>
         <executable>true</executable>
         <run_address>0x465a</run_address>
         <size>0x2</size>
         <alignment>0x2</alignment>
         <input_file_ref idref="fl-17"/>
      </object_component>
      <object_component id="oc-1ff">
         <name>.text.Mahony_GetEulerAngles</name>
         <load_address>0x465c</load_address>
         <readonly>true</readonly>
         <executable>true</executable>
         <run_address>0x465c</run_address>
         <size>0x18c</size>
         <alignment>0x4</alignment>
         <input_file_ref idref="fl-14"/>
      </object_component>
      <object_component id="oc-141">
         <name>.text.SYSCFG_DL_GPIO_init</name>
         <load_address>0x47e8</load_address>
         <readonly>true</readonly>
         <executable>true</executable>
         <run_address>0x47e8</run_address>
         <size>0x18c</size>
         <alignment>0x4</alignment>
         <input_file_ref idref="fl-2"/>
      </object_component>
      <object_component id="oc-2e7">
         <name>.text.vTaskGetInfo</name>
         <load_address>0x4974</load_address>
         <readonly>true</readonly>
         <executable>true</executable>
         <run_address>0x4974</run_address>
         <size>0x17c</size>
         <alignment>0x4</alignment>
         <input_file_ref idref="fl-9"/>
      </object_component>
      <object_component id="oc-261">
         <name>.text.xQueueReceive</name>
         <load_address>0x4af0</load_address>
         <readonly>true</readonly>
         <executable>true</executable>
         <run_address>0x4af0</run_address>
         <size>0x17a</size>
         <alignment>0x2</alignment>
         <input_file_ref idref="fl-8"/>
      </object_component>
      <object_component id="oc-40">
         <name>.text.Default_Handler</name>
         <load_address>0x4c6a</load_address>
         <readonly>true</readonly>
         <executable>true</executable>
         <run_address>0x4c6a</run_address>
         <size>0x2</size>
         <alignment>0x2</alignment>
         <input_file_ref idref="fl-3"/>
      </object_component>
      <object_component id="oc-269">
         <name>.text.ZDT_RunVelocity</name>
         <load_address>0x4c6c</load_address>
         <readonly>true</readonly>
         <executable>true</executable>
         <run_address>0x4c6c</run_address>
         <size>0x178</size>
         <alignment>0x4</alignment>
         <input_file_ref idref="fl-10"/>
      </object_component>
      <object_component id="oc-337">
         <name>.text.sqrt</name>
         <load_address>0x4de4</load_address>
         <readonly>true</readonly>
         <executable>true</executable>
         <run_address>0x4de4</run_address>
         <size>0x170</size>
         <alignment>0x4</alignment>
         <input_file_ref idref="fl-56"/>
      </object_component>
      <object_component id="oc-96">
         <name>.text.xTaskIncrementTick</name>
         <load_address>0x4f54</load_address>
         <readonly>true</readonly>
         <executable>true</executable>
         <run_address>0x4f54</run_address>
         <size>0x164</size>
         <alignment>0x4</alignment>
         <input_file_ref idref="fl-9"/>
      </object_component>
      <object_component id="oc-2ce">
         <name>.text.asinf</name>
         <load_address>0x50b8</load_address>
         <readonly>true</readonly>
         <executable>true</executable>
         <run_address>0x50b8</run_address>
         <size>0x160</size>
         <alignment>0x4</alignment>
         <input_file_ref idref="fl-43"/>
      </object_component>
      <object_component id="oc-3b9">
         <name>.text.fcvt</name>
         <load_address>0x5218</load_address>
         <readonly>true</readonly>
         <executable>true</executable>
         <run_address>0x5218</run_address>
         <size>0x13c</size>
         <alignment>0x4</alignment>
         <input_file_ref idref="fl-57"/>
      </object_component>
      <object_component id="oc-1e3">
         <name>.text.LSM6DSR_Read_RawData</name>
         <load_address>0x5354</load_address>
         <readonly>true</readonly>
         <executable>true</executable>
         <run_address>0x5354</run_address>
         <size>0x134</size>
         <alignment>0x4</alignment>
         <input_file_ref idref="fl-13"/>
      </object_component>
      <object_component id="oc-26b">
         <name>.text.ZDT_MoveRelative</name>
         <load_address>0x5488</load_address>
         <readonly>true</readonly>
         <executable>true</executable>
         <run_address>0x5488</run_address>
         <size>0x134</size>
         <alignment>0x4</alignment>
         <input_file_ref idref="fl-10"/>
      </object_component>
      <object_component id="oc-26a">
         <name>.text.ZDT_SetCurrentPositionAsZero</name>
         <load_address>0x55bc</load_address>
         <readonly>true</readonly>
         <executable>true</executable>
         <run_address>0x55bc</run_address>
         <size>0x128</size>
         <alignment>0x4</alignment>
         <input_file_ref idref="fl-10"/>
      </object_component>
      <object_component id="oc-38c">
         <name>.text._pconv_e</name>
         <load_address>0x56e4</load_address>
         <readonly>true</readonly>
         <executable>true</executable>
         <run_address>0x56e4</run_address>
         <size>0x120</size>
         <alignment>0x4</alignment>
         <input_file_ref idref="fl-57"/>
      </object_component>
      <object_component id="oc-2ca">
         <name>.text.atan2f</name>
         <load_address>0x5804</load_address>
         <readonly>true</readonly>
         <executable>true</executable>
         <run_address>0x5804</run_address>
         <size>0x118</size>
         <alignment>0x4</alignment>
         <input_file_ref idref="fl-44"/>
      </object_component>
      <object_component id="oc-268">
         <name>.text.ZDT_Enable</name>
         <load_address>0x591c</load_address>
         <readonly>true</readonly>
         <executable>true</executable>
         <run_address>0x591c</run_address>
         <size>0x114</size>
         <alignment>0x4</alignment>
         <input_file_ref idref="fl-10"/>
      </object_component>
      <object_component id="oc-26c">
         <name>.text.ZDT_Stop</name>
         <load_address>0x5a30</load_address>
         <readonly>true</readonly>
         <executable>true</executable>
         <run_address>0x5a30</run_address>
         <size>0x114</size>
         <alignment>0x4</alignment>
         <input_file_ref idref="fl-10"/>
      </object_component>
      <object_component id="oc-9f">
         <name>.text.xQueueGenericSendFromISR</name>
         <load_address>0x5b44</load_address>
         <readonly>true</readonly>
         <executable>true</executable>
         <run_address>0x5b44</run_address>
         <size>0x114</size>
         <alignment>0x2</alignment>
         <input_file_ref idref="fl-8"/>
      </object_component>
      <object_component id="oc-59">
         <name>.text.UART2_IRQHandler</name>
         <load_address>0x5c58</load_address>
         <readonly>true</readonly>
         <executable>true</executable>
         <run_address>0x5c58</run_address>
         <size>0x110</size>
         <alignment>0x4</alignment>
         <input_file_ref idref="fl-18"/>
      </object_component>
      <object_component id="oc-3b5">
         <name>.text.__divdf3</name>
         <load_address>0x5d68</load_address>
         <readonly>true</readonly>
         <executable>true</executable>
         <run_address>0x5d68</run_address>
         <size>0x10c</size>
         <alignment>0x4</alignment>
         <input_file_ref idref="fl-124"/>
      </object_component>
      <object_component id="oc-1a2">
         <name>.text.DL_Timer_initFourCCPWMMode</name>
         <load_address>0x5e74</load_address>
         <readonly>true</readonly>
         <executable>true</executable>
         <run_address>0x5e74</run_address>
         <size>0x104</size>
         <alignment>0x4</alignment>
         <input_file_ref idref="fl-2a"/>
      </object_component>
      <object_component id="oc-258">
         <name>.text.OLED_Update</name>
         <load_address>0x5f78</load_address>
         <readonly>true</readonly>
         <executable>true</executable>
         <run_address>0x5f78</run_address>
         <size>0x104</size>
         <alignment>0x4</alignment>
         <input_file_ref idref="fl-d"/>
      </object_component>
      <object_component id="oc-1a9">
         <name>.text.DL_Timer_initTimerMode</name>
         <load_address>0x607c</load_address>
         <readonly>true</readonly>
         <executable>true</executable>
         <run_address>0x607c</run_address>
         <size>0xfc</size>
         <alignment>0x4</alignment>
         <input_file_ref idref="fl-2a"/>
      </object_component>
      <object_component id="oc-224">
         <name>.text.PID_Update</name>
         <load_address>0x6178</load_address>
         <readonly>true</readonly>
         <executable>true</executable>
         <run_address>0x6178</run_address>
         <size>0xfc</size>
         <alignment>0x4</alignment>
         <input_file_ref idref="fl-16"/>
      </object_component>
      <object_component id="oc-22">
         <name>.text.vTaskSwitchContext</name>
         <load_address>0x6274</load_address>
         <readonly>true</readonly>
         <executable>true</executable>
         <run_address>0x6274</run_address>
         <size>0xfc</size>
         <alignment>0x4</alignment>
         <input_file_ref idref="fl-9"/>
      </object_component>
      <object_component id="oc-1d3">
         <name>.text.vPortFree</name>
         <load_address>0x6370</load_address>
         <readonly>true</readonly>
         <executable>true</executable>
         <run_address>0x6370</run_address>
         <size>0xf0</size>
         <alignment>0x4</alignment>
         <input_file_ref idref="fl-4"/>
      </object_component>
      <object_component id="oc-329">
         <name>.text.__muldf3</name>
         <load_address>0x6460</load_address>
         <readonly>true</readonly>
         <executable>true</executable>
         <run_address>0x6460</run_address>
         <size>0xe4</size>
         <alignment>0x4</alignment>
         <input_file_ref idref="fl-120"/>
      </object_component>
      <object_component id="oc-98">
         <name>.text.vTaskGenericNotifyGiveFromISR</name>
         <load_address>0x6544</load_address>
         <readonly>true</readonly>
         <executable>true</executable>
         <run_address>0x6544</run_address>
         <size>0xe4</size>
         <alignment>0x4</alignment>
         <input_file_ref idref="fl-9"/>
      </object_component>
      <object_component id="oc-168">
         <name>.text.Bluetooth_Task</name>
         <load_address>0x6628</load_address>
         <readonly>true</readonly>
         <executable>true</executable>
         <run_address>0x6628</run_address>
         <size>0xe0</size>
         <alignment>0x4</alignment>
         <input_file_ref idref="fl-12"/>
      </object_component>
      <object_component id="oc-198">
         <name>.text.DL_SYSCTL_configSYSPLL</name>
         <load_address>0x6708</load_address>
         <readonly>true</readonly>
         <executable>true</executable>
         <run_address>0x6708</run_address>
         <size>0xdc</size>
         <alignment>0x4</alignment>
         <input_file_ref idref="fl-2c"/>
      </object_component>
      <object_component id="oc-3a0">
         <name>.text.scalbn</name>
         <load_address>0x67e4</load_address>
         <readonly>true</readonly>
         <executable>true</executable>
         <run_address>0x67e4</run_address>
         <size>0xd8</size>
         <alignment>0x4</alignment>
         <input_file_ref idref="fl-6a"/>
      </object_component>
      <object_component id="oc-201">
         <name>.text</name>
         <load_address>0x68bc</load_address>
         <readonly>true</readonly>
         <executable>true</executable>
         <run_address>0x68bc</run_address>
         <size>0xd8</size>
         <alignment>0x4</alignment>
         <input_file_ref idref="fl-11e"/>
      </object_component>
      <object_component id="oc-166">
         <name>.text.Task_OLED_Display</name>
         <load_address>0x6994</load_address>
         <readonly>true</readonly>
         <executable>true</executable>
         <run_address>0x6994</run_address>
         <size>0xd0</size>
         <alignment>0x4</alignment>
         <input_file_ref idref="fl-17"/>
      </object_component>
      <object_component id="oc-ed">
         <name>.text.xTaskRemoveFromEventList</name>
         <load_address>0x6a64</load_address>
         <readonly>true</readonly>
         <executable>true</executable>
         <run_address>0x6a64</run_address>
         <size>0xc8</size>
         <alignment>0x4</alignment>
         <input_file_ref idref="fl-9"/>
      </object_component>
      <object_component id="oc-16e">
         <name>.text.zdt_motor_test_task</name>
         <load_address>0x6b2c</load_address>
         <readonly>true</readonly>
         <executable>true</executable>
         <run_address>0x6b2c</run_address>
         <size>0xc8</size>
         <alignment>0x4</alignment>
         <input_file_ref idref="fl-17"/>
      </object_component>
      <object_component id="oc-15b">
         <name>.text.cpu_monitor_task</name>
         <load_address>0x6bf4</load_address>
         <readonly>true</readonly>
         <executable>true</executable>
         <run_address>0x6bf4</run_address>
         <size>0xc4</size>
         <alignment>0x4</alignment>
         <input_file_ref idref="fl-17"/>
      </object_component>
      <object_component id="oc-31b">
         <name>.text.prvSampleTimeNow</name>
         <load_address>0x6cb8</load_address>
         <readonly>true</readonly>
         <executable>true</executable>
         <run_address>0x6cb8</run_address>
         <size>0xc4</size>
         <alignment>0x4</alignment>
         <input_file_ref idref="fl-a"/>
      </object_component>
      <object_component id="oc-24c">
         <name>.text.Sensor_GetError</name>
         <load_address>0x6d7c</load_address>
         <readonly>true</readonly>
         <executable>true</executable>
         <run_address>0x6d7c</run_address>
         <size>0xbc</size>
         <alignment>0x4</alignment>
         <input_file_ref idref="fl-f"/>
      </object_component>
      <object_component id="oc-1d5">
         <name>.text.pxPortInitialiseStack</name>
         <load_address>0x6e38</load_address>
         <readonly>true</readonly>
         <executable>true</executable>
         <run_address>0x6e38</run_address>
         <size>0xbc</size>
         <alignment>0x4</alignment>
         <input_file_ref idref="fl-6"/>
      </object_component>
      <object_component id="oc-48">
         <name>.text.GROUP1_IRQHandler</name>
         <load_address>0x6ef4</load_address>
         <readonly>true</readonly>
         <executable>true</executable>
         <run_address>0x6ef4</run_address>
         <size>0xb8</size>
         <alignment>0x4</alignment>
         <input_file_ref idref="fl-17"/>
      </object_component>
      <object_component id="oc-259">
         <name>.text.xTaskDelayUntil</name>
         <load_address>0x6fac</load_address>
         <readonly>true</readonly>
         <executable>true</executable>
         <run_address>0x6fac</run_address>
         <size>0xb8</size>
         <alignment>0x4</alignment>
         <input_file_ref idref="fl-9"/>
      </object_component>
      <object_component id="oc-bf">
         <name>.text.Motor_SetPWM</name>
         <load_address>0x7064</load_address>
         <readonly>true</readonly>
         <executable>true</executable>
         <run_address>0x7064</run_address>
         <size>0xb0</size>
         <alignment>0x4</alignment>
         <input_file_ref idref="fl-15"/>
      </object_component>
      <object_component id="oc-142">
         <name>.text.SYSCFG_DL_SYSCTL_init</name>
         <load_address>0x7114</load_address>
         <readonly>true</readonly>
         <executable>true</executable>
         <run_address>0x7114</run_address>
         <size>0xa4</size>
         <alignment>0x4</alignment>
         <input_file_ref idref="fl-2"/>
      </object_component>
      <object_component id="oc-397">
         <name>.text</name>
         <load_address>0x71b8</load_address>
         <readonly>true</readonly>
         <executable>true</executable>
         <run_address>0x71b8</run_address>
         <size>0xa2</size>
         <alignment>0x4</alignment>
         <input_file_ref idref="fl-135"/>
      </object_component>
      <object_component id="oc-1f6">
         <name>.text.Mahony_Init</name>
         <load_address>0x725a</load_address>
         <readonly>true</readonly>
         <executable>true</executable>
         <run_address>0x725a</run_address>
         <size>0x2</size>
         <alignment>0x2</alignment>
         <input_file_ref idref="fl-14"/>
      </object_component>
      <object_component id="oc-13f">
         <name>.text.SYSCFG_DL_initPower</name>
         <load_address>0x725c</load_address>
         <readonly>true</readonly>
         <executable>true</executable>
         <run_address>0x725c</run_address>
         <size>0xa0</size>
         <alignment>0x4</alignment>
         <input_file_ref idref="fl-2"/>
      </object_component>
      <object_component id="oc-102">
         <name>.text:memcpy</name>
         <load_address>0x72fc</load_address>
         <readonly>true</readonly>
         <executable>true</executable>
         <run_address>0x72fc</run_address>
         <size>0x9a</size>
         <alignment>0x1</alignment>
         <input_file_ref idref="fl-13a"/>
      </object_component>
      <object_component id="oc-130">
         <name>.text.__aeabi_idiv0</name>
         <load_address>0x7396</load_address>
         <readonly>true</readonly>
         <executable>true</executable>
         <run_address>0x7396</run_address>
         <size>0x2</size>
         <alignment>0x2</alignment>
         <input_file_ref idref="fl-138"/>
      </object_component>
      <object_component id="oc-2b1">
         <name>.text.prvAddCurrentTaskToDelayedList</name>
         <load_address>0x7398</load_address>
         <readonly>true</readonly>
         <executable>true</executable>
         <run_address>0x7398</run_address>
         <size>0x98</size>
         <alignment>0x4</alignment>
         <input_file_ref idref="fl-9"/>
      </object_component>
      <object_component id="oc-143">
         <name>.text.SYSCFG_DL_PWM_motor_L_init</name>
         <load_address>0x7430</load_address>
         <readonly>true</readonly>
         <executable>true</executable>
         <run_address>0x7430</run_address>
         <size>0x94</size>
         <alignment>0x4</alignment>
         <input_file_ref idref="fl-2"/>
      </object_component>
      <object_component id="oc-144">
         <name>.text.SYSCFG_DL_PWM_motor_R_init</name>
         <load_address>0x74c4</load_address>
         <readonly>true</readonly>
         <executable>true</executable>
         <run_address>0x74c4</run_address>
         <size>0x94</size>
         <alignment>0x4</alignment>
         <input_file_ref idref="fl-2"/>
      </object_component>
      <object_component id="oc-260">
         <name>.text.xQueueGenericCreate</name>
         <load_address>0x7558</load_address>
         <readonly>true</readonly>
         <executable>true</executable>
         <run_address>0x7558</run_address>
         <size>0x94</size>
         <alignment>0x2</alignment>
         <input_file_ref idref="fl-8"/>
      </object_component>
      <object_component id="oc-1e5">
         <name>.text.ulTaskGenericNotifyTake</name>
         <load_address>0x75ec</load_address>
         <readonly>true</readonly>
         <executable>true</executable>
         <run_address>0x75ec</run_address>
         <size>0x90</size>
         <alignment>0x4</alignment>
         <input_file_ref idref="fl-9"/>
      </object_component>
      <object_component id="oc-2dc">
         <name>.text.vTaskPriorityDisinheritAfterTimeout</name>
         <load_address>0x767c</load_address>
         <readonly>true</readonly>
         <executable>true</executable>
         <run_address>0x767c</run_address>
         <size>0x90</size>
         <alignment>0x4</alignment>
         <input_file_ref idref="fl-9"/>
      </object_component>
      <object_component id="oc-2db">
         <name>.text.xTaskPriorityInherit</name>
         <load_address>0x770c</load_address>
         <readonly>true</readonly>
         <executable>true</executable>
         <run_address>0x770c</run_address>
         <size>0x90</size>
         <alignment>0x4</alignment>
         <input_file_ref idref="fl-9"/>
      </object_component>
      <object_component id="oc-275">
         <name>.text.VOFA_UART_SendCallback</name>
         <load_address>0x779c</load_address>
         <readonly>true</readonly>
         <executable>true</executable>
         <run_address>0x779c</run_address>
         <size>0x8c</size>
         <alignment>0x4</alignment>
         <input_file_ref idref="fl-17"/>
      </object_component>
      <object_component id="oc-1ea">
         <name>.text.__mulsf3</name>
         <load_address>0x7828</load_address>
         <readonly>true</readonly>
         <executable>true</executable>
         <run_address>0x7828</run_address>
         <size>0x8c</size>
         <alignment>0x4</alignment>
         <input_file_ref idref="fl-122"/>
      </object_component>
      <object_component id="oc-1e1">
         <name>.text.vTaskDelay</name>
         <load_address>0x78b4</load_address>
         <readonly>true</readonly>
         <executable>true</executable>
         <run_address>0x78b4</run_address>
         <size>0x88</size>
         <alignment>0x4</alignment>
         <input_file_ref idref="fl-9"/>
      </object_component>
      <object_component id="oc-1f2">
         <name>.text.__divsf3</name>
         <load_address>0x793c</load_address>
         <readonly>true</readonly>
         <executable>true</executable>
         <run_address>0x793c</run_address>
         <size>0x82</size>
         <alignment>0x4</alignment>
         <input_file_ref idref="fl-123"/>
      </object_component>
      <object_component id="oc-3bb">
         <name>.text.__aeabi_ldiv0</name>
         <load_address>0x79be</load_address>
         <readonly>true</readonly>
         <executable>true</executable>
         <run_address>0x79be</run_address>
         <size>0x2</size>
         <alignment>0x2</alignment>
         <input_file_ref idref="fl-138"/>
      </object_component>
      <object_component id="oc-53">
         <name>.text.UART1_IRQHandler</name>
         <load_address>0x79c0</load_address>
         <readonly>true</readonly>
         <executable>true</executable>
         <run_address>0x79c0</run_address>
         <size>0x80</size>
         <alignment>0x4</alignment>
         <input_file_ref idref="fl-18"/>
      </object_component>
      <object_component id="oc-29c">
         <name>.text.vApplicationMallocFailedHook</name>
         <load_address>0x7a40</load_address>
         <readonly>true</readonly>
         <executable>true</executable>
         <run_address>0x7a40</run_address>
         <size>0x80</size>
         <alignment>0x4</alignment>
         <input_file_ref idref="fl-1"/>
      </object_component>
      <object_component id="oc-67">
         <name>.text.vApplicationStackOverflowHook</name>
         <load_address>0x7ac0</load_address>
         <readonly>true</readonly>
         <executable>true</executable>
         <run_address>0x7ac0</run_address>
         <size>0x80</size>
         <alignment>0x4</alignment>
         <input_file_ref idref="fl-1"/>
      </object_component>
      <object_component id="oc-179">
         <name>.text.xPortStartScheduler</name>
         <load_address>0x7b40</load_address>
         <readonly>true</readonly>
         <executable>true</executable>
         <run_address>0x7b40</run_address>
         <size>0x80</size>
         <alignment>0x4</alignment>
         <input_file_ref idref="fl-6"/>
      </object_component>
      <object_component id="oc-172">
         <name>.text.xTimerCreateTimerTask</name>
         <load_address>0x7bc0</load_address>
         <readonly>true</readonly>
         <executable>true</executable>
         <run_address>0x7bc0</run_address>
         <size>0x80</size>
         <alignment>0x4</alignment>
         <input_file_ref idref="fl-a"/>
      </object_component>
      <object_component id="oc-2a8">
         <name>.text.prvUnlockQueue</name>
         <load_address>0x7c40</load_address>
         <readonly>true</readonly>
         <executable>true</executable>
         <run_address>0x7c40</run_address>
         <size>0x7e</size>
         <alignment>0x2</alignment>
         <input_file_ref idref="fl-8"/>
      </object_component>
      <object_component id="oc-10f">
         <name>.text.vTaskStartScheduler</name>
         <load_address>0x7cc0</load_address>
         <readonly>true</readonly>
         <executable>true</executable>
         <run_address>0x7cc0</run_address>
         <size>0x7c</size>
         <alignment>0x4</alignment>
         <input_file_ref idref="fl-9"/>
      </object_component>
      <object_component id="oc-eb">
         <name>.text.xTaskPriorityDisinherit</name>
         <load_address>0x7d3c</load_address>
         <readonly>true</readonly>
         <executable>true</executable>
         <run_address>0x7d3c</run_address>
         <size>0x7c</size>
         <alignment>0x4</alignment>
         <input_file_ref idref="fl-9"/>
      </object_component>
      <object_component id="oc-29">
         <name>.text:decompress:lzss</name>
         <load_address>0x7db8</load_address>
         <readonly>true</readonly>
         <executable>true</executable>
         <run_address>0x7db8</run_address>
         <size>0x7c</size>
         <alignment>0x4</alignment>
         <input_file_ref idref="fl-55"/>
      </object_component>
      <object_component id="oc-170">
         <name>.text.vofa_debug_task</name>
         <load_address>0x7e34</load_address>
         <readonly>true</readonly>
         <executable>true</executable>
         <run_address>0x7e34</run_address>
         <size>0x78</size>
         <alignment>0x4</alignment>
         <input_file_ref idref="fl-17"/>
      </object_component>
      <object_component id="oc-257">
         <name>.text.OLED_Printf</name>
         <load_address>0x7eac</load_address>
         <readonly>true</readonly>
         <executable>true</executable>
         <run_address>0x7eac</run_address>
         <size>0x74</size>
         <alignment>0x4</alignment>
         <input_file_ref idref="fl-d"/>
      </object_component>
      <object_component id="oc-348">
         <name>.text.__gedf2</name>
         <load_address>0x7f20</load_address>
         <readonly>true</readonly>
         <executable>true</executable>
         <run_address>0x7f20</run_address>
         <size>0x74</size>
         <alignment>0x4</alignment>
         <input_file_ref idref="fl-137"/>
      </object_component>
      <object_component id="oc-66">
         <name>.text.App_GetStatsTimerValue</name>
         <load_address>0x7f94</load_address>
         <readonly>true</readonly>
         <executable>true</executable>
         <run_address>0x7f94</run_address>
         <size>0xc</size>
         <alignment>0x4</alignment>
         <input_file_ref idref="fl-17"/>
      </object_component>
      <object_component id="oc-32d">
         <name>.text.__truncdfsf2</name>
         <load_address>0x7fa0</load_address>
         <readonly>true</readonly>
         <executable>true</executable>
         <run_address>0x7fa0</run_address>
         <size>0x74</size>
         <alignment>0x10</alignment>
         <input_file_ref idref="fl-12c"/>
      </object_component>
      <object_component id="oc-148">
         <name>.text.SYSCFG_DL_UART_1_init</name>
         <load_address>0x8014</load_address>
         <readonly>true</readonly>
         <executable>true</executable>
         <run_address>0x8014</run_address>
         <size>0x70</size>
         <alignment>0x4</alignment>
         <input_file_ref idref="fl-2"/>
      </object_component>
      <object_component id="oc-149">
         <name>.text.SYSCFG_DL_UART_2_init</name>
         <load_address>0x8084</load_address>
         <readonly>true</readonly>
         <executable>true</executable>
         <run_address>0x8084</run_address>
         <size>0x70</size>
         <alignment>0x4</alignment>
         <input_file_ref idref="fl-2"/>
      </object_component>
      <object_component id="oc-14a">
         <name>.text.SYSCFG_DL_UART_3_init</name>
         <load_address>0x80f4</load_address>
         <readonly>true</readonly>
         <executable>true</executable>
         <run_address>0x80f4</run_address>
         <size>0x70</size>
         <alignment>0x4</alignment>
         <input_file_ref idref="fl-2"/>
      </object_component>
      <object_component id="oc-14b">
         <name>.text.SYSCFG_DL_UART_ZDT_init</name>
         <load_address>0x8164</load_address>
         <readonly>true</readonly>
         <executable>true</executable>
         <run_address>0x8164</run_address>
         <size>0x70</size>
         <alignment>0x4</alignment>
         <input_file_ref idref="fl-2"/>
      </object_component>
      <object_component id="oc-154">
         <name>.text.xQueueCreateMutex</name>
         <load_address>0x81d4</load_address>
         <readonly>true</readonly>
         <executable>true</executable>
         <run_address>0x81d4</run_address>
         <size>0x6e</size>
         <alignment>0x2</alignment>
         <input_file_ref idref="fl-8"/>
      </object_component>
      <object_component id="oc-2f4">
         <name>.text.Delay_ms</name>
         <load_address>0x8244</load_address>
         <readonly>true</readonly>
         <executable>true</executable>
         <run_address>0x8244</run_address>
         <size>0x6c</size>
         <alignment>0x4</alignment>
         <input_file_ref idref="fl-b"/>
      </object_component>
      <object_component id="oc-107">
         <name>.text.SYSCFG_DL_init</name>
         <load_address>0x82b0</load_address>
         <readonly>true</readonly>
         <executable>true</executable>
         <run_address>0x82b0</run_address>
         <size>0x6c</size>
         <alignment>0x4</alignment>
         <input_file_ref idref="fl-2"/>
      </object_component>
      <object_component id="oc-2a7">
         <name>.text.xTaskCheckForTimeOut</name>
         <load_address>0x831c</load_address>
         <readonly>true</readonly>
         <executable>true</executable>
         <run_address>0x831c</run_address>
         <size>0x6c</size>
         <alignment>0x4</alignment>
         <input_file_ref idref="fl-9"/>
      </object_component>
      <object_component id="oc-342">
         <name>.text.__ledf2</name>
         <load_address>0x8388</load_address>
         <readonly>true</readonly>
         <executable>true</executable>
         <run_address>0x8388</run_address>
         <size>0x68</size>
         <alignment>0x4</alignment>
         <input_file_ref idref="fl-137"/>
      </object_component>
      <object_component id="oc-3b4">
         <name>.text._mcpy</name>
         <load_address>0x83f0</load_address>
         <readonly>true</readonly>
         <executable>true</executable>
         <run_address>0x83f0</run_address>
         <size>0x66</size>
         <alignment>0x2</alignment>
         <input_file_ref idref="fl-57"/>
      </object_component>
      <object_component id="oc-2ee">
         <name>.text.Delay_us</name>
         <load_address>0x8456</load_address>
         <readonly>true</readonly>
         <executable>true</executable>
         <run_address>0x8456</run_address>
         <size>0x62</size>
         <alignment>0x2</alignment>
         <input_file_ref idref="fl-b"/>
      </object_component>
      <object_component id="oc-2e2">
         <name>.text.__aeabi_dcmp</name>
         <load_address>0x84b8</load_address>
         <readonly>true</readonly>
         <executable>true</executable>
         <run_address>0x84b8</run_address>
         <size>0x62</size>
         <alignment>0x4</alignment>
         <input_file_ref idref="fl-12d"/>
      </object_component>
      <object_component id="oc-1ee">
         <name>.text.__aeabi_fcmp</name>
         <load_address>0x851c</load_address>
         <readonly>true</readonly>
         <executable>true</executable>
         <run_address>0x851c</run_address>
         <size>0x62</size>
         <alignment>0x4</alignment>
         <input_file_ref idref="fl-12e"/>
      </object_component>
      <object_component id="oc-13e">
         <name>.text:memset</name>
         <load_address>0x857e</load_address>
         <readonly>true</readonly>
         <executable>true</executable>
         <run_address>0x857e</run_address>
         <size>0x62</size>
         <alignment>0x1</alignment>
         <input_file_ref idref="fl-13b"/>
      </object_component>
      <object_component id="oc-15f">
         <name>.text.Gray_Task</name>
         <load_address>0x85e0</load_address>
         <readonly>true</readonly>
         <executable>true</executable>
         <run_address>0x85e0</run_address>
         <size>0x60</size>
         <alignment>0x4</alignment>
         <input_file_ref idref="fl-f"/>
      </object_component>
      <object_component id="oc-15d">
         <name>.text.Key_Scan_Task</name>
         <load_address>0x8640</load_address>
         <readonly>true</readonly>
         <executable>true</executable>
         <run_address>0x8640</run_address>
         <size>0x5c</size>
         <alignment>0x4</alignment>
         <input_file_ref idref="fl-17"/>
      </object_component>
      <object_component id="oc-39c">
         <name>.text.frexp</name>
         <load_address>0x869c</load_address>
         <readonly>true</readonly>
         <executable>true</executable>
         <run_address>0x869c</run_address>
         <size>0x5c</size>
         <alignment>0x4</alignment>
         <input_file_ref idref="fl-69"/>
      </object_component>
      <object_component id="oc-3a8">
         <name>.text.__TI_ltoa</name>
         <load_address>0x86f8</load_address>
         <readonly>true</readonly>
         <executable>true</executable>
         <run_address>0x86f8</run_address>
         <size>0x58</size>
         <alignment>0x2</alignment>
         <input_file_ref idref="fl-60"/>
      </object_component>
      <object_component id="oc-38b">
         <name>.text._pconv_f</name>
         <load_address>0x8750</load_address>
         <readonly>true</readonly>
         <executable>true</executable>
         <run_address>0x8750</run_address>
         <size>0x58</size>
         <alignment>0x2</alignment>
         <input_file_ref idref="fl-57"/>
      </object_component>
      <object_component id="oc-220">
         <name>.text.__aeabi_idivmod</name>
         <load_address>0x87a8</load_address>
         <readonly>true</readonly>
         <executable>true</executable>
         <run_address>0x87a8</run_address>
         <size>0x56</size>
         <alignment>0x4</alignment>
         <input_file_ref idref="fl-12f"/>
      </object_component>
      <object_component id="oc-3b2">
         <name>.text._ecpy</name>
         <load_address>0x87fe</load_address>
         <readonly>true</readonly>
         <executable>true</executable>
         <run_address>0x87fe</run_address>
         <size>0x52</size>
         <alignment>0x2</alignment>
         <input_file_ref idref="fl-57"/>
      </object_component>
      <object_component id="oc-14c">
         <name>.text.SYSCFG_DL_SPI_0_init</name>
         <load_address>0x8850</load_address>
         <readonly>true</readonly>
         <executable>true</executable>
         <run_address>0x8850</run_address>
         <size>0x4c</size>
         <alignment>0x4</alignment>
         <input_file_ref idref="fl-2"/>
      </object_component>
      <object_component id="oc-5a">
         <name>.text.UART0_IRQHandler</name>
         <load_address>0x889c</load_address>
         <readonly>true</readonly>
         <executable>true</executable>
         <run_address>0x889c</run_address>
         <size>0x4c</size>
         <alignment>0x4</alignment>
         <input_file_ref idref="fl-10"/>
      </object_component>
      <object_component id="oc-17b">
         <name>.text.prvIdleTask</name>
         <load_address>0x88e8</load_address>
         <readonly>true</readonly>
         <executable>true</executable>
         <run_address>0x88e8</run_address>
         <size>0x4c</size>
         <alignment>0x4</alignment>
         <input_file_ref idref="fl-9"/>
      </object_component>
      <object_component id="oc-30a">
         <name>.text.snprintf</name>
         <load_address>0x8934</load_address>
         <readonly>true</readonly>
         <executable>true</executable>
         <run_address>0x8934</run_address>
         <size>0x4c</size>
         <alignment>0x4</alignment>
         <input_file_ref idref="fl-46"/>
      </object_component>
      <object_component id="oc-3a4">
         <name>.text.__fixdfsi</name>
         <load_address>0x8980</load_address>
         <readonly>true</readonly>
[...]
         <value>0x95e1</value>
         <object_component_ref idref="oc-194"/>
      </symbol>
      <symbol id="sm-44f">
         <name>DL_SPI_init</name>
         <value>0x8aed</value>
         <object_component_ref idref="oc-1c5"/>
      </symbol>
      <symbol id="sm-450">
         <name>DL_SPI_setClockConfig</name>
         <value>0x94dd</value>
         <object_component_ref idref="oc-1bf"/>
      </symbol>
      <symbol id="sm-46c">
         <name>DL_Timer_setClockConfig</name>
         <value>0x9331</value>
         <object_component_ref idref="oc-1a1"/>
      </symbol>
      <symbol id="sm-46d">
         <name>DL_Timer_initTimerMode</name>
         <value>0x607d</value>
         <object_component_ref idref="oc-1a9"/>
      </symbol>
      <symbol id="sm-46e">
         <name>DL_Timer_setCaptureCompareValue</name>
         <value>0x9525</value>
         <object_component_ref idref="oc-f4"/>
      </symbol>
      <symbol id="sm-46f">
         <name>DL_Timer_setCaptCompUpdateMethod</name>
         <value>0x9315</value>
         <object_component_ref idref="oc-1a4"/>
      </symbol>
      <symbol id="sm-470">
         <name>DL_Timer_setCaptureCompareOutCtl</name>
         <value>0x9369</value>
         <object_component_ref idref="oc-1a3"/>
      </symbol>
      <symbol id="sm-471">
         <name>DL_Timer_initFourCCPWMMode</name>
         <value>0x5e75</value>
         <object_component_ref idref="oc-1a2"/>
      </symbol>
      <symbol id="sm-481">
         <name>DL_UART_init</name>
         <value>0x89cd</value>
         <object_component_ref idref="oc-1b6"/>
      </symbol>
      <symbol id="sm-482">
         <name>DL_UART_setClockConfig</name>
         <value>0x94ef</value>
         <object_component_ref idref="oc-1b0"/>
      </symbol>
      <symbol id="sm-483">
         <name>DL_UART_transmitDataBlocking</name>
         <value>0x8f31</value>
         <object_component_ref idref="oc-31a"/>
      </symbol>
      <symbol id="sm-494">
         <name>DL_SYSCTL_configSYSPLL</name>
         <value>0x6709</value>
         <object_component_ref idref="oc-198"/>
      </symbol>
      <symbol id="sm-495">
         <name>DL_SYSCTL_switchMCLKfromSYSOSCtoHSCLK</name>
         <value>0x8b31</value>
         <object_component_ref idref="oc-19f"/>
      </symbol>
      <symbol id="sm-496">
         <name>DL_SYSCTL_configFCC</name>
         <value>0x92f9</value>
         <object_component_ref idref="oc-295"/>
      </symbol>
      <symbol id="sm-4a4">
         <name>asinf</name>
         <value>0x50b9</value>
         <object_component_ref idref="oc-2ce"/>
      </symbol>
      <symbol id="sm-4b2">
         <name>atan2f</name>
         <value>0x5805</value>
         <object_component_ref idref="oc-2ca"/>
      </symbol>
      <symbol id="sm-4c6">
         <name>atanf</name>
         <value>0x3c31</value>
         <object_component_ref idref="oc-320"/>
      </symbol>
      <symbol id="sm-4d7">
         <name>snprintf</name>
         <value>0x8935</value>
         <object_component_ref idref="oc-30a"/>
      </symbol>
      <symbol id="sm-4e8">
         <name>vsprintf</name>
         <value>0x90f9</value>
         <object_component_ref idref="oc-2fa"/>
      </symbol>
      <symbol id="sm-4ea">
         <name>__aeabi_ctype_table_</name>
         <value>0x9ec0</value>
         <object_component_ref idref="oc-390"/>
      </symbol>
      <symbol id="sm-4eb">
         <name>__aeabi_ctype_table_C</name>
         <value>0x9ec0</value>
         <object_component_ref idref="oc-390"/>
      </symbol>
      <symbol id="sm-4f6">
         <name>__aeabi_errno_addr</name>
         <value>0x9619</value>
         <object_component_ref idref="oc-331"/>
      </symbol>
      <symbol id="sm-4f7">
         <name>__aeabi_errno</name>
         <value>0x202077d4</value>
         <object_component_ref idref="oc-362"/>
      </symbol>
      <symbol id="sm-505">
         <name>_c_int00_noargs</name>
         <value>0x9175</value>
         <object_component_ref idref="oc-8c"/>
      </symbol>
      <symbol id="sm-506">
         <name>__stack</name>
         <value>0x20207e00</value>
         <object_component_ref idref="oc-27"/>
      </symbol>
      <symbol id="sm-512">
         <name>__TI_auto_init_nobinit_nopinit</name>
         <value>0x8e45</value>
         <object_component_ref idref="oc-117"/>
      </symbol>
      <symbol id="sm-51a">
         <name>_system_pre_init</name>
         <value>0x968d</value>
         <object_component_ref idref="oc-d0"/>
      </symbol>
      <symbol id="sm-525">
         <name>__TI_zero_init</name>
         <value>0x9591</value>
         <object_component_ref idref="oc-89"/>
      </symbol>
      <symbol id="sm-52e">
         <name>__TI_decompress_none</name>
         <value>0x9513</value>
         <object_component_ref idref="oc-2d"/>
      </symbol>
      <symbol id="sm-539">
         <name>__TI_decompress_lzss</name>
         <value>0x7db9</value>
         <object_component_ref idref="oc-29"/>
      </symbol>
      <symbol id="sm-543">
         <name>sqrt</name>
         <value>0x4de5</value>
         <object_component_ref idref="oc-337"/>
      </symbol>
      <symbol id="sm-544">
         <name>sqrtl</name>
         <value>0x4de5</value>
         <object_component_ref idref="oc-337"/>
      </symbol>
      <symbol id="sm-58d">
         <name>__TI_printfi</name>
         <value>0xc1</value>
         <object_component_ref idref="oc-373"/>
      </symbol>
      <symbol id="sm-59d">
         <name>abort</name>
         <value>0x966d</value>
         <object_component_ref idref="oc-110"/>
      </symbol>
      <symbol id="sm-5a7">
         <name>__TI_ltoa</name>
         <value>0x86f9</value>
         <object_component_ref idref="oc-3a8"/>
      </symbol>
      <symbol id="sm-5b2">
         <name>atoi</name>
         <value>0x8d11</value>
         <object_component_ref idref="oc-37c"/>
      </symbol>
      <symbol id="sm-5bb">
         <name>memccpy</name>
         <value>0x9279</value>
         <object_component_ref idref="oc-375"/>
      </symbol>
      <symbol id="sm-5ca">
         <name>frexp</name>
         <value>0x869d</value>
         <object_component_ref idref="oc-39c"/>
      </symbol>
      <symbol id="sm-5cb">
         <name>frexpl</name>
         <value>0x869d</value>
         <object_component_ref idref="oc-39c"/>
      </symbol>
      <symbol id="sm-5d5">
         <name>scalbn</name>
         <value>0x67e5</value>
         <object_component_ref idref="oc-3a0"/>
      </symbol>
      <symbol id="sm-5d6">
         <name>ldexp</name>
         <value>0x67e5</value>
         <object_component_ref idref="oc-3a0"/>
      </symbol>
      <symbol id="sm-5d7">
         <name>scalbnl</name>
         <value>0x67e5</value>
         <object_component_ref idref="oc-3a0"/>
      </symbol>
      <symbol id="sm-5d8">
         <name>ldexpl</name>
         <value>0x67e5</value>
         <object_component_ref idref="oc-3a0"/>
      </symbol>
      <symbol id="sm-5e1">
         <name>wcslen</name>
         <value>0x9581</value>
         <object_component_ref idref="oc-380"/>
      </symbol>
      <symbol id="sm-5ec">
         <name>HOSTexit</name>
         <value>0x919d</value>
         <object_component_ref idref="oc-17e"/>
      </symbol>
      <symbol id="sm-5ed">
         <name>C$$EXIT</name>
         <value>0x919c</value>
         <object_component_ref idref="oc-17e"/>
      </symbol>
      <symbol id="sm-602">
         <name>__aeabi_fadd</name>
         <value>0x68c7</value>
         <object_component_ref idref="oc-201"/>
      </symbol>
      <symbol id="sm-603">
         <name>__addsf3</name>
         <value>0x68c7</value>
         <object_component_ref idref="oc-201"/>
      </symbol>
      <symbol id="sm-604">
         <name>__aeabi_fsub</name>
         <value>0x68bd</value>
         <object_component_ref idref="oc-201"/>
      </symbol>
      <symbol id="sm-605">
         <name>__subsf3</name>
         <value>0x68bd</value>
         <object_component_ref idref="oc-201"/>
      </symbol>
      <symbol id="sm-60e">
         <name>__aeabi_dadd</name>
         <value>0x44d3</value>
         <object_component_ref idref="oc-33b"/>
      </symbol>
      <symbol id="sm-60f">
         <name>__adddf3</name>
         <value>0x44d3</value>
         <object_component_ref idref="oc-33b"/>
      </symbol>
      <symbol id="sm-610">
         <name>__aeabi_dsub</name>
         <value>0x44c9</value>
         <object_component_ref idref="oc-33b"/>
      </symbol>
      <symbol id="sm-611">
         <name>__subdf3</name>
         <value>0x44c9</value>
         <object_component_ref idref="oc-33b"/>
      </symbol>
      <symbol id="sm-61a">
         <name>__aeabi_dmul</name>
         <value>0x6461</value>
         <object_component_ref idref="oc-329"/>
      </symbol>
      <symbol id="sm-61b">
         <name>__muldf3</name>
         <value>0x6461</value>
         <object_component_ref idref="oc-329"/>
      </symbol>
      <symbol id="sm-621">
         <name>__muldsi3</name>
         <value>0x8ebd</value>
         <object_component_ref idref="oc-2b3"/>
      </symbol>
      <symbol id="sm-627">
         <name>__aeabi_fmul</name>
         <value>0x7829</value>
         <object_component_ref idref="oc-1ea"/>
      </symbol>
      <symbol id="sm-628">
         <name>__mulsf3</name>
         <value>0x7829</value>
         <object_component_ref idref="oc-1ea"/>
      </symbol>
      <symbol id="sm-631">
         <name>__aeabi_fdiv</name>
         <value>0x793d</value>
         <object_component_ref idref="oc-1f2"/>
      </symbol>
      <symbol id="sm-632">
         <name>__divsf3</name>
         <value>0x793d</value>
         <object_component_ref idref="oc-1f2"/>
      </symbol>
      <symbol id="sm-63b">
         <name>__aeabi_ddiv</name>
         <value>0x5d69</value>
         <object_component_ref idref="oc-3b5"/>
      </symbol>
      <symbol id="sm-63c">
         <name>__divdf3</name>
         <value>0x5d69</value>
         <object_component_ref idref="oc-3b5"/>
      </symbol>
      <symbol id="sm-642">
         <name>__aeabi_f2d</name>
         <value>0x8cd1</value>
         <object_component_ref idref="oc-2de"/>
      </symbol>
      <symbol id="sm-643">
         <name>__extendsfdf2</name>
         <value>0x8cd1</value>
         <object_component_ref idref="oc-2de"/>
      </symbol>
      <symbol id="sm-649">
         <name>__aeabi_d2iz</name>
         <value>0x8981</value>
         <object_component_ref idref="oc-3a4"/>
      </symbol>
      <symbol id="sm-64a">
         <name>__fixdfsi</name>
         <value>0x8981</value>
         <object_component_ref idref="oc-3a4"/>
      </symbol>
      <symbol id="sm-650">
         <name>__aeabi_f2iz</name>
         <value>0x8ef9</value>
         <object_component_ref idref="oc-229"/>
      </symbol>
      <symbol id="sm-651">
         <name>__fixsfsi</name>
         <value>0x8ef9</value>
         <object_component_ref idref="oc-229"/>
      </symbol>
      <symbol id="sm-657">
         <name>__aeabi_i2d</name>
         <value>0x90a1</value>
         <object_component_ref idref="oc-3ac"/>
      </symbol>
      <symbol id="sm-658">
         <name>__floatsidf</name>
         <value>0x90a1</value>
         <object_component_ref idref="oc-3ac"/>
      </symbol>
      <symbol id="sm-65e">
         <name>__aeabi_i2f</name>
         <value>0x8dcd</value>
         <object_component_ref idref="oc-1e6"/>
      </symbol>
      <symbol id="sm-65f">
         <name>__floatsisf</name>
         <value>0x8dcd</value>
         <object_component_ref idref="oc-1e6"/>
      </symbol>
      <symbol id="sm-665">
         <name>__aeabi_ui2f</name>
         <value>0x9125</value>
         <object_component_ref idref="oc-239"/>
      </symbol>
      <symbol id="sm-666">
         <name>__floatunsisf</name>
         <value>0x9125</value>
         <object_component_ref idref="oc-239"/>
      </symbol>
      <symbol id="sm-66c">
         <name>__aeabi_lmul</name>
         <value>0x91e9</value>
         <object_component_ref idref="oc-304"/>
      </symbol>
      <symbol id="sm-66d">
         <name>__muldi3</name>
         <value>0x91e9</value>
         <object_component_ref idref="oc-304"/>
      </symbol>
      <symbol id="sm-674">
         <name>__aeabi_d2f</name>
         <value>0x7fa1</value>
         <object_component_ref idref="oc-32d"/>
      </symbol>
      <symbol id="sm-675">
         <name>__truncdfsf2</name>
         <value>0x7fa1</value>
         <object_component_ref idref="oc-32d"/>
      </symbol>
      <symbol id="sm-67b">
         <name>__aeabi_dcmpeq</name>
         <value>0x84b9</value>
         <object_component_ref idref="oc-2e2"/>
      </symbol>
      <symbol id="sm-67c">
         <name>__aeabi_dcmplt</name>
         <value>0x84cd</value>
         <object_component_ref idref="oc-2e2"/>
      </symbol>
      <symbol id="sm-67d">
         <name>__aeabi_dcmple</name>
         <value>0x84e1</value>
         <object_component_ref idref="oc-2e2"/>
      </symbol>
      <symbol id="sm-67e">
         <name>__aeabi_dcmpge</name>
         <value>0x84f5</value>
         <object_component_ref idref="oc-2e2"/>
      </symbol>
      <symbol id="sm-67f">
         <name>__aeabi_dcmpgt</name>
         <value>0x8509</value>
         <object_component_ref idref="oc-2e2"/>
      </symbol>
      <symbol id="sm-685">
         <name>__aeabi_fcmpeq</name>
         <value>0x851d</value>
         <object_component_ref idref="oc-1ee"/>
      </symbol>
      <symbol id="sm-686">
         <name>__aeabi_fcmplt</name>
         <value>0x8531</value>
         <object_component_ref idref="oc-1ee"/>
      </symbol>
      <symbol id="sm-687">
         <name>__aeabi_fcmple</name>
         <value>0x8545</value>
         <object_component_ref idref="oc-1ee"/>
      </symbol>
      <symbol id="sm-688">
         <name>__aeabi_fcmpge</name>
         <value>0x8559</value>
         <object_component_ref idref="oc-1ee"/>
      </symbol>
      <symbol id="sm-689">
         <name>__aeabi_fcmpgt</name>
         <value>0x856d</value>
         <object_component_ref idref="oc-1ee"/>
      </symbol>
      <symbol id="sm-68f">
         <name>__aeabi_idiv</name>
         <value>0x87a9</value>
         <object_component_ref idref="oc-220"/>
      </symbol>
      <symbol id="sm-690">
         <name>__aeabi_idivmod</name>
         <value>0x87a9</value>
         <object_component_ref idref="oc-220"/>
      </symbol>
      <symbol id="sm-696">
         <name>__aeabi_memcpy</name>
         <value>0x9621</value>
         <object_component_ref idref="oc-7c"/>
      </symbol>
      <symbol id="sm-697">
         <name>__aeabi_memcpy4</name>
         <value>0x9621</value>
         <object_component_ref idref="oc-7c"/>
      </symbol>
      <symbol id="sm-698">
         <name>__aeabi_memcpy8</name>
         <value>0x9621</value>
         <object_component_ref idref="oc-7c"/>
      </symbol>
      <symbol id="sm-6a1">
         <name>__aeabi_memset</name>
         <value>0x95a1</value>
         <object_component_ref idref="oc-1d2"/>
      </symbol>
      <symbol id="sm-6a2">
         <name>__aeabi_memset4</name>
         <value>0x95a1</value>
         <object_component_ref idref="oc-1d2"/>
      </symbol>
      <symbol id="sm-6a3">
         <name>__aeabi_memset8</name>
         <value>0x95a1</value>
         <object_component_ref idref="oc-1d2"/>
      </symbol>
      <symbol id="sm-6a4">
         <name>__aeabi_memclr</name>
         <value>0x8b75</value>
         <object_component_ref idref="oc-cb"/>
      </symbol>
      <symbol id="sm-6a5">
         <name>__aeabi_memclr4</name>
         <value>0x8b75</value>
         <object_component_ref idref="oc-cb"/>
      </symbol>
      <symbol id="sm-6a6">
         <name>__aeabi_memclr8</name>
         <value>0x8b75</value>
         <object_component_ref idref="oc-cb"/>
      </symbol>
      <symbol id="sm-6ac">
         <name>__aeabi_uidiv</name>
         <value>0x8c91</value>
         <object_component_ref idref="oc-f0"/>
      </symbol>
      <symbol id="sm-6ad">
         <name>__aeabi_uidivmod</name>
         <value>0x8c91</value>
         <object_component_ref idref="oc-f0"/>
      </symbol>
      <symbol id="sm-6b3">
         <name>__aeabi_uldivmod</name>
         <value>0x948d</value>
         <object_component_ref idref="oc-385"/>
      </symbol>
      <symbol id="sm-6bc">
         <name>__eqsf2</name>
         <value>0x8e81</value>
         <object_component_ref idref="oc-2b8"/>
      </symbol>
      <symbol id="sm-6bd">
         <name>__lesf2</name>
         <value>0x8e81</value>
         <object_component_ref idref="oc-2b8"/>
      </symbol>
      <symbol id="sm-6be">
         <name>__ltsf2</name>
         <value>0x8e81</value>
         <object_component_ref idref="oc-2b8"/>
      </symbol>
      <symbol id="sm-6bf">
         <name>__nesf2</name>
         <value>0x8e81</value>
         <object_component_ref idref="oc-2b8"/>
      </symbol>
      <symbol id="sm-6c0">
         <name>__cmpsf2</name>
         <value>0x8e81</value>
         <object_component_ref idref="oc-2b8"/>
      </symbol>
      <symbol id="sm-6c1">
         <name>__gtsf2</name>
         <value>0x8e09</value>
         <object_component_ref idref="oc-2bd"/>
      </symbol>
      <symbol id="sm-6c2">
         <name>__gesf2</name>
         <value>0x8e09</value>
         <object_component_ref idref="oc-2bd"/>
      </symbol>
      <symbol id="sm-6c8">
         <name>__udivmoddi4</name>
         <value>0x71b9</value>
         <object_component_ref idref="oc-397"/>
      </symbol>
      <symbol id="sm-6ce">
         <name>__aeabi_llsl</name>
         <value>0x92bd</value>
         <object_component_ref idref="oc-3bc"/>
      </symbol>
      <symbol id="sm-6cf">
         <name>__ashldi3</name>
         <value>0x92bd</value>
         <object_component_ref idref="oc-3bc"/>
      </symbol>
      <symbol id="sm-6dd">
         <name>__ledf2</name>
         <value>0x8389</value>
         <object_component_ref idref="oc-342"/>
      </symbol>
      <symbol id="sm-6de">
         <name>__gedf2</name>
         <value>0x7f21</value>
         <object_component_ref idref="oc-348"/>
      </symbol>
      <symbol id="sm-6df">
         <name>__cmpdf2</name>
         <value>0x8389</value>
         <object_component_ref idref="oc-342"/>
      </symbol>
      <symbol id="sm-6e0">
         <name>__eqdf2</name>
         <value>0x8389</value>
         <object_component_ref idref="oc-342"/>
      </symbol>
      <symbol id="sm-6e1">
         <name>__ltdf2</name>
         <value>0x8389</value>
         <object_component_ref idref="oc-342"/>
      </symbol>
      <symbol id="sm-6e2">
         <name>__nedf2</name>
         <value>0x8389</value>
         <object_component_ref idref="oc-342"/>
      </symbol>
      <symbol id="sm-6e3">
         <name>__gtdf2</name>
         <value>0x7f21</value>
         <object_component_ref idref="oc-348"/>
      </symbol>
      <symbol id="sm-6ef">
         <name>__aeabi_idiv0</name>
         <value>0x7397</value>
         <object_component_ref idref="oc-130"/>
      </symbol>
      <symbol id="sm-6f0">
         <name>__aeabi_ldiv0</name>
         <value>0x79bf</value>
         <object_component_ref idref="oc-3bb"/>
      </symbol>
      <symbol id="sm-70a">
         <name>memcpy</name>
         <value>0x72fd</value>
         <object_component_ref idref="oc-102"/>
      </symbol>
      <symbol id="sm-719">
         <name>memset</name>
         <value>0x857f</value>
         <object_component_ref idref="oc-13e"/>
      </symbol>
      <symbol id="sm-71a">
         <name>__TI_static_base__</name>
         <value>0x0</value>
      </symbol>
      <symbol id="sm-71e">
         <name>__mpu_init</name>
         <value>0x0</value>
      </symbol>
      <symbol id="sm-71f">
         <name>_system_post_cinit</name>
         <value>0x0</value>
      </symbol>
   </symbol_table>
   <title>Link successful</title>
</link_info>
